Archive member included to satisfy reference by file (symbol)

/usr/local/Cellar/arm-gcc-bin@8/8-2019-q3-update/bin/../lib/gcc/arm-none-eabi/8.3.1/../../../../arm-none-eabi/lib/thumb/v7e-m+fp/hard/libm.a(lib_a-w_pow.o)
                              .build/obj_preonic_rev3_camerash/quantum/process_keycode/process_audio.o (pow)
/usr/local/Cellar/arm-gcc-bin@8/8-2019-q3-update/bin/../lib/gcc/arm-none-eabi/8.3.1/../../../../arm-none-eabi/lib/thumb/v7e-m+fp/hard/libm.a(lib_a-e_pow.o)
                              /usr/local/Cellar/arm-gcc-bin@8/8-2019-q3-update/bin/../lib/gcc/arm-none-eabi/8.3.1/../../../../arm-none-eabi/lib/thumb/v7e-m+fp/hard/libm.a(lib_a-w_pow.o) (__ieee754_pow)
/usr/local/Cellar/arm-gcc-bin@8/8-2019-q3-update/bin/../lib/gcc/arm-none-eabi/8.3.1/../../../../arm-none-eabi/lib/thumb/v7e-m+fp/hard/libm.a(lib_a-e_sqrt.o)
                              /usr/local/Cellar/arm-gcc-bin@8/8-2019-q3-update/bin/../lib/gcc/arm-none-eabi/8.3.1/../../../../arm-none-eabi/lib/thumb/v7e-m+fp/hard/libm.a(lib_a-e_pow.o) (__ieee754_sqrt)
/usr/local/Cellar/arm-gcc-bin@8/8-2019-q3-update/bin/../lib/gcc/arm-none-eabi/8.3.1/../../../../arm-none-eabi/lib/thumb/v7e-m+fp/hard/libm.a(lib_a-s_fabs.o)
                              /usr/local/Cellar/arm-gcc-bin@8/8-2019-q3-update/bin/../lib/gcc/arm-none-eabi/8.3.1/../../../../arm-none-eabi/lib/thumb/v7e-m+fp/hard/libm.a(lib_a-e_pow.o) (fabs)
/usr/local/Cellar/arm-gcc-bin@8/8-2019-q3-update/bin/../lib/gcc/arm-none-eabi/8.3.1/../../../../arm-none-eabi/lib/thumb/v7e-m+fp/hard/libm.a(lib_a-s_finite.o)
                              /usr/local/Cellar/arm-gcc-bin@8/8-2019-q3-update/bin/../lib/gcc/arm-none-eabi/8.3.1/../../../../arm-none-eabi/lib/thumb/v7e-m+fp/hard/libm.a(lib_a-w_pow.o) (finite)
/usr/local/Cellar/arm-gcc-bin@8/8-2019-q3-update/bin/../lib/gcc/arm-none-eabi/8.3.1/../../../../arm-none-eabi/lib/thumb/v7e-m+fp/hard/libm.a(lib_a-s_lib_ver.o)
                              /usr/local/Cellar/arm-gcc-bin@8/8-2019-q3-update/bin/../lib/gcc/arm-none-eabi/8.3.1/../../../../arm-none-eabi/lib/thumb/v7e-m+fp/hard/libm.a(lib_a-w_pow.o) (__fdlib_version)
/usr/local/Cellar/arm-gcc-bin@8/8-2019-q3-update/bin/../lib/gcc/arm-none-eabi/8.3.1/../../../../arm-none-eabi/lib/thumb/v7e-m+fp/hard/libm.a(lib_a-s_nan.o)
                              /usr/local/Cellar/arm-gcc-bin@8/8-2019-q3-update/bin/../lib/gcc/arm-none-eabi/8.3.1/../../../../arm-none-eabi/lib/thumb/v7e-m+fp/hard/libm.a(lib_a-e_pow.o) (nan)
/usr/local/Cellar/arm-gcc-bin@8/8-2019-q3-update/bin/../lib/gcc/arm-none-eabi/8.3.1/../../../../arm-none-eabi/lib/thumb/v7e-m+fp/hard/libm.a(lib_a-s_rint.o)
                              /usr/local/Cellar/arm-gcc-bin@8/8-2019-q3-update/bin/../lib/gcc/arm-none-eabi/8.3.1/../../../../arm-none-eabi/lib/thumb/v7e-m+fp/hard/libm.a(lib_a-w_pow.o) (rint)
/usr/local/Cellar/arm-gcc-bin@8/8-2019-q3-update/bin/../lib/gcc/arm-none-eabi/8.3.1/../../../../arm-none-eabi/lib/thumb/v7e-m+fp/hard/libm.a(lib_a-s_scalbn.o)
                              /usr/local/Cellar/arm-gcc-bin@8/8-2019-q3-update/bin/../lib/gcc/arm-none-eabi/8.3.1/../../../../arm-none-eabi/lib/thumb/v7e-m+fp/hard/libm.a(lib_a-e_pow.o) (scalbn)
/usr/local/Cellar/arm-gcc-bin@8/8-2019-q3-update/bin/../lib/gcc/arm-none-eabi/8.3.1/thumb/v7e-m+fp/hard/libgcc.a(_arm_addsubdf3.o)
                              /usr/local/Cellar/arm-gcc-bin@8/8-2019-q3-update/bin/../lib/gcc/arm-none-eabi/8.3.1/../../../../arm-none-eabi/lib/thumb/v7e-m+fp/hard/libm.a(lib_a-e_pow.o) (__aeabi_dsub)
/usr/local/Cellar/arm-gcc-bin@8/8-2019-q3-update/bin/../lib/gcc/arm-none-eabi/8.3.1/thumb/v7e-m+fp/hard/libgcc.a(_arm_muldivdf3.o)
                              .build/obj_preonic_rev3_camerash/quantum/process_keycode/process_audio.o (__aeabi_dmul)
/usr/local/Cellar/arm-gcc-bin@8/8-2019-q3-update/bin/../lib/gcc/arm-none-eabi/8.3.1/thumb/v7e-m+fp/hard/libgcc.a(_arm_cmpdf2.o)
                              /usr/local/Cellar/arm-gcc-bin@8/8-2019-q3-update/bin/../lib/gcc/arm-none-eabi/8.3.1/../../../../arm-none-eabi/lib/thumb/v7e-m+fp/hard/libm.a(lib_a-w_pow.o) (__aeabi_dcmpeq)
/usr/local/Cellar/arm-gcc-bin@8/8-2019-q3-update/bin/../lib/gcc/arm-none-eabi/8.3.1/thumb/v7e-m+fp/hard/libgcc.a(_arm_unorddf2.o)
                              /usr/local/Cellar/arm-gcc-bin@8/8-2019-q3-update/bin/../lib/gcc/arm-none-eabi/8.3.1/../../../../arm-none-eabi/lib/thumb/v7e-m+fp/hard/libm.a(lib_a-w_pow.o) (__aeabi_dcmpun)
/usr/local/Cellar/arm-gcc-bin@8/8-2019-q3-update/bin/../lib/gcc/arm-none-eabi/8.3.1/thumb/v7e-m+fp/hard/libgcc.a(_arm_truncdfsf2.o)
                              .build/obj_preonic_rev3_camerash/quantum/process_keycode/process_audio.o (__aeabi_d2f)
/usr/local/Cellar/arm-gcc-bin@8/8-2019-q3-update/bin/../lib/gcc/arm-none-eabi/8.3.1/thumb/v7e-m+fp/hard/libgcc.a(_aeabi_ldivmod.o)
                              .build/obj_preonic_rev3_camerash/common/chibios/suspend.o (__aeabi_ldivmod)
[...]
Memory Configuration

Name             Origin             Length             Attributes
flash0           0x0000000008000000 0x0000000000040000
flash1           0x0000000000000000 0x0000000000000000
flash2           0x0000000000000000 0x0000000000000000
flash3           0x0000000000000000 0x0000000000000000
flash4           0x0000000000000000 0x0000000000000000
flash5           0x0000000000000000 0x0000000000000000
flash6           0x0000000000000000 0x0000000000000000
flash7           0x0000000000000000 0x0000000000000000
ram0             0x0000000020000000 0x000000000000a000
ram1             0x0000000000000000 0x0000000000000000
ram2             0x0000000000000000 0x0000000000000000
ram3             0x0000000000000000 0x0000000000000000
ram4             0x0000000010000000 0x0000000000002000
ram5             0x0000000000000000 0x0000000000000000
ram6             0x0000000000000000 0x0000000000000000
ram7             0x0000000000000000 0x0000000000000000
*default*        0x0000000000000000 0xffffffffffffffff

Linker script and memory map

LOAD /usr/local/Cellar/arm-gcc-bin@8/8-2019-q3-update/bin/../lib/gcc/arm-none-eabi/8.3.1/thumb/v7e-m+fp/hard/crti.o
LOAD /usr/local/Cellar/arm-gcc-bin@8/8-2019-q3-update/bin/../lib/gcc/arm-none-eabi/8.3.1/thumb/v7e-m+fp/hard/crtbegin.o
LOAD /usr/local/Cellar/arm-gcc-bin@8/8-2019-q3-update/bin/../lib/gcc/arm-none-eabi/8.3.1/../../../../arm-none-eabi/lib/thumb/v7e-m+fp/hard/crt0.o
LOAD .build/obj_preonic_rev3_camerash/muse.o
LOAD .build/obj_preonic_rev3_camerash/keyboards/preonic/preonic.o
LOAD .build/obj_preonic_rev3_camerash/keyboards/preonic/rev3/rev3.o
LOAD .build/obj_preonic_rev3_camerash/keyboards/preonic/keymaps/camerash/keymap.o
LOAD .build/obj_preonic_rev3_camerash/quantum/quantum.o
LOAD .build/obj_preonic_rev3_camerash/quantum/keymap_common.o
LOAD .build/obj_preonic_rev3_camerash/quantum/keycode_config.o
LOAD .build/obj_preonic_rev3_camerash/quantum/matrix_common.o
LOAD .build/obj_preonic_rev3_camerash/quantum/matrix.o
LOAD .build/obj_preonic_rev3_camerash/quantum/debounce/sym_defer_g.o
LOAD .build/obj_preonic_rev3_camerash/quantum/process_keycode/process_audio.o
LOAD .build/obj_preonic_rev3_camerash/quantum/process_keycode/process_clicky.o
LOAD .build/obj_preonic_rev3_camerash/quantum/audio/audio_chibios.o
LOAD .build/obj_preonic_rev3_camerash/quantum/audio/voices.o
LOAD .build/obj_preonic_rev3_camerash/quantum/audio/luts.o
LOAD .build/obj_preonic_rev3_camerash/quantum/process_keycode/process_music.o
LOAD .build/obj_preonic_rev3_camerash/common/chibios/eeprom_stm32.o
LOAD .build/obj_preonic_rev3_camerash/common/chibios/flash_stm32.o
LOAD .build/obj_preonic_rev3_camerash/quantum/color.o
LOAD .build/obj_preonic_rev3_camerash/quantum/rgblight.o
LOAD .build/obj_preonic_rev3_camerash/quantum/process_keycode/process_rgb.o
LOAD .build/obj_preonic_rev3_camerash/ws2812.o
LOAD .build/obj_preonic_rev3_camerash/quantum/led_tables.o
LOAD .build/obj_preonic_rev3_camerash/quantum/encoder.o
LOAD .build/obj_preonic_rev3_camerash/quantum/dip_switch.o
LOAD .build/obj_preonic_rev3_camerash/quantum/process_keycode/process_space_cadet.o
LOAD .build/obj_preonic_rev3_camerash/quantum/process_keycode/process_magic.o
LOAD .build/obj_preonic_rev3_camerash/quantum/process_keycode/process_grave_esc.o
LOAD .build/obj_preonic_rev3_camerash/./lib/chibios/os/common/startup/ARMCMx/compilers/GCC/crt0_v7m.o
LOAD .build/obj_preonic_rev3_camerash/./lib/chibios/os/common/startup/ARMCMx/compilers/GCC/vectors.o
LOAD .build/obj_preonic_rev3_camerash/./lib/chibios/os/common/ports/ARMCMx/compilers/GCC/chcoreasm_v7m.o
LOAD .build/obj_preonic_rev3_camerash/common/host.o
LOAD .build/obj_preonic_rev3_camerash/common/keyboard.o
LOAD .build/obj_preonic_rev3_camerash/common/action.o
LOAD .build/obj_preonic_rev3_camerash/common/action_tapping.o
LOAD .build/obj_preonic_rev3_camerash/common/action_macro.o
LOAD .build/obj_preonic_rev3_camerash/common/action_layer.o
LOAD .build/obj_preonic_rev3_camerash/common/action_util.o
LOAD .build/obj_preonic_rev3_camerash/common/print.o
LOAD .build/obj_preonic_rev3_camerash/common/debug.o
LOAD .build/obj_preonic_rev3_camerash/common/sendchar_null.o
LOAD .build/obj_preonic_rev3_camerash/common/util.o
LOAD .build/obj_preonic_rev3_camerash/common/eeconfig.o
LOAD .build/obj_preonic_rev3_camerash/common/report.o
LOAD .build/obj_preonic_rev3_camerash/common/chibios/suspend.o
LOAD .build/obj_preonic_rev3_camerash/common/chibios/timer.o
LOAD .build/obj_preonic_rev3_camerash/common/chibios/bootloader.o
LOAD .build/obj_preonic_rev3_camerash/lib/printf/printf.o
LOAD .build/obj_preonic_rev3_camerash/common/bootmagic.o
LOAD .build/obj_preonic_rev3_camerash/common/mousekey.o
LOAD .build/obj_preonic_rev3_camerash/common/command.o
LOAD .build/obj_preonic_rev3_camerash/protocol/chibios/usb_main.o
LOAD .build/obj_preonic_rev3_camerash/protocol/chibios/main.o
LOAD .build/obj_preonic_rev3_camerash/usb_descriptor.o
LOAD .build/obj_preonic_rev3_camerash/protocol/chibios/usb_driver.o
LOAD .build/obj_preonic_rev3_camerash/./lib/chibios/os/oslib/src/chmboxes.o
LOAD .build/obj_preonic_rev3_camerash/./lib/chibios/os/oslib/src/chmemcore.o
LOAD .build/obj_preonic_rev3_camerash/./lib/chibios/os/oslib/src/chmemheaps.o
LOAD .build/obj_preonic_rev3_camerash/./lib/chibios/os/oslib/src/chmempools.o
LOAD .build/obj_preonic_rev3_camerash/./lib/chibios/os/oslib/src/chpipes.o
LOAD .build/obj_preonic_rev3_camerash/./lib/chibios/os/oslib/src/chfactory.o
LOAD .build/obj_preonic_rev3/lib/chibios/os/common/startup/ARMCMx/compilers/GCC/crt1.o
LOAD .build/obj_preonic_rev3/lib/chibios/os/rt/src/chsys.o
LOAD .build/obj_preonic_rev3/lib/chibios/os/rt/src/chdebug.o
LOAD .build/obj_preonic_rev3/lib/chibios/os/rt/src/chtrace.o
LOAD .build/obj_preonic_rev3/lib/chibios/os/rt/src/chvt.o
LOAD .build/obj_preonic_rev3/lib/chibios/os/rt/src/chschd.o
LOAD .build/obj_preonic_rev3/lib/chibios/os/rt/src/chthreads.o
LOAD .build/obj_preonic_rev3/lib/chibios/os/rt/src/chtm.o
LOAD .build/obj_preonic_rev3/lib/chibios/os/rt/src/chstats.o
LOAD .build/obj_preonic_rev3/lib/chibios/os/rt/src/chregistry.o
LOAD .build/obj_preonic_rev3/lib/chibios/os/rt/src/chsem.o
LOAD .build/obj_preonic_rev3/lib/chibios/os/rt/src/chmtx.o
LOAD .build/obj_preonic_rev3/lib/chibios/os/rt/src/chcond.o
LOAD .build/obj_preonic_rev3/lib/chibios/os/rt/src/chevents.o
LOAD .build/obj_preonic_rev3/lib/chibios/os/rt/src/chmsg.o
LOAD .build/obj_preonic_rev3/lib/chibios/os/rt/src/chdynamic.o
LOAD .build/obj_preonic_rev3/lib/chibios/os/common/ports/ARMCMx/chcore.o
LOAD .build/obj_preonic_rev3/lib/chibios/os/common/ports/ARMCMx/chcore_v7m.o
LOAD .build/obj_preonic_rev3/lib/chibios/os/hal/osal/rt/osal.o
LOAD .build/obj_preonic_rev3/lib/chibios/os/hal/src/hal.o
LOAD .build/obj_preonic_rev3/lib/chibios/os/hal/src/hal_buffers.o
LOAD .build/obj_preonic_rev3/lib/chibios/os/hal/src/hal_queues.o
LOAD .build/obj_preonic_rev3/lib/chibios/os/hal/src/hal_mmcsd.o
LOAD .build/obj_preonic_rev3/lib/chibios/os/hal/src/hal_adc.o
LOAD .build/obj_preonic_rev3/lib/chibios/os/hal/src/hal_can.o
LOAD .build/obj_preonic_rev3/lib/chibios/os/hal/src/hal_crypto.o
LOAD .build/obj_preonic_rev3/lib/chibios/os/hal/src/hal_dac.o
LOAD .build/obj_preonic_rev3/lib/chibios/os/hal/src/hal_gpt.o
LOAD .build/obj_preonic_rev3/lib/chibios/os/hal/src/hal_i2c.o
LOAD .build/obj_preonic_rev3/lib/chibios/os/hal/src/hal_i2s.o
LOAD .build/obj_preonic_rev3/lib/chibios/os/hal/src/hal_icu.o
LOAD .build/obj_preonic_rev3/lib/chibios/os/hal/src/hal_mac.o
LOAD .build/obj_preonic_rev3/lib/chibios/os/hal/src/hal_mmc_spi.o
LOAD .build/obj_preonic_rev3/lib/chibios/os/hal/src/hal_pal.o
LOAD .build/obj_preonic_rev3/lib/chibios/os/hal/src/hal_pwm.o
LOAD .build/obj_preonic_rev3/lib/chibios/os/hal/src/hal_rtc.o
LOAD .build/obj_preonic_rev3/lib/chibios/os/hal/src/hal_sdc.o
LOAD .build/obj_preonic_rev3/lib/chibios/os/hal/src/hal_serial.o
LOAD .build/obj_preonic_rev3/lib/chibios/os/hal/src/hal_serial_usb.o
LOAD .build/obj_preonic_rev3/lib/chibios/os/hal/src/hal_sio.o
LOAD .build/obj_preonic_rev3/lib/chibios/os/hal/src/hal_spi.o
LOAD .build/obj_preonic_rev3/lib/chibios/os/hal/src/hal_st.o
LOAD .build/obj_preonic_rev3/lib/chibios/os/hal/src/hal_trng.o
LOAD .build/obj_preonic_rev3/lib/chibios/os/hal/src/hal_uart.o
LOAD .build/obj_preonic_rev3/lib/chibios/os/hal/src/hal_usb.o
LOAD .build/obj_preonic_rev3/lib/chibios/os/hal/src/hal_wdg.o
LOAD .build/obj_preonic_rev3/lib/chibios/os/hal/src/hal_wspi.o
LOAD .build/obj_preonic_rev3/lib/chibios/os/hal/ports/common/ARMCMx/nvic.o
LOAD .build/obj_preonic_rev3/lib/chibios/os/hal/ports/STM32/STM32F3xx/stm32_isr.o
LOAD .build/obj_preonic_rev3/lib/chibios/os/hal/ports/STM32/STM32F3xx/hal_lld.o
LOAD .build/obj_preonic_rev3/lib/chibios/os/hal/ports/STM32/LLD/ADCv3/hal_adc_lld.o
LOAD .build/obj_preonic_rev3/lib/chibios/os/hal/ports/STM32/LLD/CANv1/hal_can_lld.o
LOAD .build/obj_preonic_rev3/lib/chibios/os/hal/ports/STM32/LLD/DACv1/hal_dac_lld.o
LOAD .build/obj_preonic_rev3/lib/chibios/os/hal/ports/STM32/LLD/DMAv1/stm32_dma.o
LOAD .build/obj_preonic_rev3/lib/chibios/os/hal/ports/STM32/LLD/EXTIv1/stm32_exti.o
LOAD .build/obj_preonic_rev3/lib/chibios/os/hal/ports/STM32/LLD/GPIOv2/hal_pal_lld.o
LOAD .build/obj_preonic_rev3/lib/chibios/os/hal/ports/STM32/LLD/I2Cv2/hal_i2c_lld.o
LOAD .build/obj_preonic_rev3/lib/chibios/os/hal/ports/STM32/LLD/RTCv2/hal_rtc_lld.o
LOAD .build/obj_preonic_rev3/lib/chibios/os/hal/ports/STM32/LLD/SPIv2/hal_i2s_lld.o
LOAD .build/obj_preonic_rev3/lib/chibios/os/hal/ports/STM32/LLD/SPIv2/hal_spi_lld.o
LOAD .build/obj_preonic_rev3/lib/chibios/os/hal/ports/STM32/LLD/TIMv1/hal_st_lld.o
LOAD .build/obj_preonic_rev3/lib/chibios/os/hal/ports/STM32/LLD/TIMv1/hal_gpt_lld.o
LOAD .build/obj_preonic_rev3/lib/chibios/os/hal/ports/STM32/LLD/TIMv1/hal_icu_lld.o
LOAD .build/obj_preonic_rev3/lib/chibios/os/hal/ports/STM32/LLD/TIMv1/hal_pwm_lld.o
LOAD .build/obj_preonic_rev3/lib/chibios/os/hal/ports/STM32/LLD/USARTv2/hal_serial_lld.o
LOAD .build/obj_preonic_rev3/lib/chibios/os/hal/ports/STM32/LLD/USARTv2/hal_uart_lld.o
LOAD .build/obj_preonic_rev3/lib/chibios/os/hal/ports/STM32/LLD/USBv1/hal_usb_lld.o
LOAD .build/obj_preonic_rev3/lib/chibios/os/hal/ports/STM32/LLD/xWDGv1/hal_wdg_lld.o
LOAD .build/obj_preonic_rev3/lib/chibios/os/hal/boards/ST_STM32F3_DISCOVERY/board.o
LOAD .build/obj_preonic_rev3/lib/chibios/os/hal/lib/streams/chprintf.o
LOAD .build/obj_preonic_rev3/lib/chibios/os/hal/lib/streams/memstreams.o
LOAD .build/obj_preonic_rev3/lib/chibios/os/hal/lib/streams/nullstreams.o
LOAD .build/obj_preonic_rev3/lib/chibios/os/various/syscalls.o

.mstack         0x0000000020000000      0x400
                0x0000000020000000                . = ALIGN (0x8)
                0x0000000020000000                __main_stack_base__ = .
                0x0000000020000400                . = (. + __main_stack_size__)
 *fill*         0x0000000020000000      0x400 
                0x0000000020000400                . = ALIGN (0x8)
                0x0000000020000400                __main_stack_end__ = .

.pstack         0x0000000020000400      0x800
                0x0000000020000400                . = ALIGN (0x8)
                0x0000000020000400                __process_stack_base__ = .
                0x0000000020000400                __main_thread_stack_base__ = .
                0x0000000020000c00                . = (. + __process_stack_size__)
 *fill*         0x0000000020000400      0x800 
                0x0000000020000c00                . = ALIGN (0x8)
                0x0000000020000c00                __process_stack_end__ = .
                0x0000000020000c00                __main_thread_stack_end__ = .

.vectors        0x0000000008000000      0x1a0
 *(.vectors)
 .vectors       0x0000000008000000      0x1a0 .build/obj_preonic_rev3_camerash/./lib/chibios/os/common/startup/ARMCMx/compilers/GCC/vectors.o
                0x0000000008000000                _vectors

.xtors          0x00000000080001a0        0xc
                0x00000000080001a0                __init_array_start = .
 *(SORT_BY_NAME(.init_array.*))
 .init_array.00000
                0x00000000080001a0        0x4 /usr/local/Cellar/arm-gcc-bin@8/8-2019-q3-update/bin/../lib/gcc/arm-none-eabi/8.3.1/../../../../arm-none-eabi/lib/thumb/v7e-m+fp/hard/libg.a(lib_a-__call_atexit.o)
 *(.init_array)
 .init_array    0x00000000080001a4        0x4 /usr/local/Cellar/arm-gcc-bin@8/8-2019-q3-update/bin/../lib/gcc/arm-none-eabi/8.3.1/thumb/v7e-m+fp/hard/crtbegin.o
                0x00000000080001a8                __init_array_end = .
                0x00000000080001a8                __fini_array_start = .
 *(.fini_array)
 .fini_array    0x00000000080001a8        0x4 /usr/local/Cellar/arm-gcc-bin@8/8-2019-q3-update/bin/../lib/gcc/arm-none-eabi/8.3.1/thumb/v7e-m+fp/hard/crtbegin.o
 *(SORT_BY_NAME(.fini_array.*))
                0x00000000080001ac                __fini_array_end = .

.text           0x00000000080001b0     0xb920
                0x00000000080001b0                __text_base = .
 *(.text)
 .text          0x00000000080001b0       0x40 /usr/local/Cellar/arm-gcc-bin@8/8-2019-q3-update/bin/../lib/gcc/arm-none-eabi/8.3.1/thumb/v7e-m+fp/hard/crtbegin.o
 .text          0x00000000080001f0      0x120 .build/obj_preonic_rev3_camerash/./lib/chibios/os/common/startup/ARMCMx/compilers/GCC/crt0_v7m.o
                0x00000000080001f0                _crt0_entry
 .text          0x0000000008000310        0x8 .build/obj_preonic_rev3_camerash/./lib/chibios/os/common/startup/ARMCMx/compilers/GCC/vectors.o
                0x0000000008000310                Reset_Handler
                0x0000000008000312                DebugMon_Handler
                0x0000000008000312                HardFault_Handler
                0x0000000008000312                Vector19C
                0x0000000008000312                Vector8C
                0x0000000008000312                SysTick_Handler
                0x0000000008000312                VectorDC
                0x0000000008000312                PendSV_Handler
                0x0000000008000312                Vector168
                0x0000000008000312                NMI_Handler
                0x0000000008000312                Vector110
                0x0000000008000312                VectorC8
                0x0000000008000312                Vector94
                0x0000000008000312                Vector160
                0x0000000008000312                UsageFault_Handler
                0x0000000008000312                VectorEC
                0x0000000008000312                Vector40
                0x0000000008000312                VectorF8
                0x0000000008000312                Vector108
                0x0000000008000312                Vector190
                0x0000000008000312                Vector150
                0x0000000008000312                Vector148
                0x0000000008000312                Vector188
                0x0000000008000312                Vector198
                0x0000000008000312                VectorCC
                0x0000000008000312                Vector54
                0x0000000008000312                Vector98
                0x0000000008000312                VectorD8
                0x0000000008000312                Vector138
                0x0000000008000312                Vector24
                0x0000000008000312                Vector178
                0x0000000008000312                VectorD0
                0x0000000008000312                Vector140
                0x0000000008000312                VectorE4
                0x0000000008000312                Vector158
                0x0000000008000312                Vector134
                0x0000000008000312                Vector13C
                0x0000000008000312                Vector100
                0x0000000008000312                VectorF4
                0x0000000008000312                MemManage_Handler
                0x0000000008000312                VectorC4
                0x0000000008000312                Vector180
                0x0000000008000312                Vector90
                0x0000000008000312                Vector114
                0x0000000008000312                Vector164
                0x0000000008000312                Vector1C
                0x0000000008000312                Vector17C
                0x0000000008000312                Vector48
                0x0000000008000312                VectorD4
                0x0000000008000312                Vector4C
                0x0000000008000312                Vector144
                0x0000000008000312                Vector15C
                0x0000000008000312                Vector174
                0x0000000008000312                VectorE8
                0x0000000008000312                Vector170
                0x0000000008000312                Vector88
                0x0000000008000312                Vector104
                0x0000000008000312                Vector184
                0x0000000008000312                Vector10C
                0x0000000008000312                Vector14C
                0x0000000008000312                BusFault_Handler
                0x0000000008000312                Vector50
                0x0000000008000312                Vector194
                0x0000000008000312                Vector154
                0x0000000008000312                Vector44
                0x0000000008000312                Vector28
                0x0000000008000312                VectorFC
                0x0000000008000312                Vector34
                0x0000000008000312                Vector20
                0x0000000008000312                Vector18C
                0x0000000008000316                _unhandled_exception
 .text          0x0000000008000318       0x30 .build/obj_preonic_rev3_camerash/./lib/chibios/os/common/ports/ARMCMx/compilers/GCC/chcoreasm_v7m.o
                0x0000000008000318                _port_switch
                0x0000000008000330                _port_thread_start
                0x0000000008000340                _port_switch_from_isr
                0x0000000008000344                _port_exit_from_isr
 .text          0x0000000008000348      0x378 /usr/local/Cellar/arm-gcc-bin@8/8-2019-q3-update/bin/../lib/gcc/arm-none-eabi/8.3.1/thumb/v7e-m+fp/hard/libgcc.a(_arm_addsubdf3.o)
                0x0000000008000348                __aeabi_drsub
                0x0000000008000350                __subdf3
                0x0000000008000350                __aeabi_dsub
                0x0000000008000354                __aeabi_dadd
                0x0000000008000354                __adddf3
                0x00000000080005cc                __aeabi_ui2d
                0x00000000080005cc                __floatunsidf
                0x00000000080005ec                __floatsidf
                0x00000000080005ec                __aeabi_i2d
                0x0000000008000610                __extendsfdf2
                0x0000000008000610                __aeabi_f2d
                0x0000000008000654                __aeabi_ul2d
                0x0000000008000654                __floatundidf
                0x0000000008000664                __aeabi_l2d
                0x0000000008000664                __floatdidf
 .text          0x00000000080006c0      0x424 /usr/local/Cellar/arm-gcc-bin@8/8-2019-q3-update/bin/../lib/gcc/arm-none-eabi/8.3.1/thumb/v7e-m+fp/hard/libgcc.a(_arm_muldivdf3.o)
                0x00000000080006c0                __aeabi_dmul
                0x00000000080006c0                __muldf3
                0x0000000008000914                __aeabi_ddiv
                0x0000000008000914                __divdf3
 .text          0x0000000008000ae4      0x110 /usr/local/Cellar/arm-gcc-bin@8/8-2019-q3-update/bin/../lib/gcc/arm-none-eabi/8.3.1/thumb/v7e-m+fp/hard/libgcc.a(_arm_cmpdf2.o)
                0x0000000008000ae4                __gedf2
                0x0000000008000ae4                __gtdf2
                0x0000000008000aec                __ledf2
                0x0000000008000aec                __ltdf2
                0x0000000008000af4                __cmpdf2
                0x0000000008000af4                __eqdf2
                0x0000000008000af4                __nedf2
                0x0000000008000b70                __aeabi_cdrcmple
                0x0000000008000b80                __aeabi_cdcmple
                0x0000000008000b80                __aeabi_cdcmpeq
                0x0000000008000b90                __aeabi_dcmpeq
                0x0000000008000ba4                __aeabi_dcmplt
                0x0000000008000bb8                __aeabi_dcmple
                0x0000000008000bcc                __aeabi_dcmpge
                0x0000000008000be0                __aeabi_dcmpgt
 .text          0x0000000008000bf4       0x2c /usr/local/Cellar/arm-gcc-bin@8/8-2019-q3-update/bin/../lib/gcc/arm-none-eabi/8.3.1/thumb/v7e-m+fp/hard/libgcc.a(_arm_unorddf2.o)
                0x0000000008000bf4                __aeabi_dcmpun
                0x0000000008000bf4                __unorddf2
 .text          0x0000000008000c20       0xa0 /usr/local/Cellar/arm-gcc-bin@8/8-2019-q3-update/bin/../lib/gcc/arm-none-eabi/8.3.1/thumb/v7e-m+fp/hard/libgcc.a(_arm_truncdfsf2.o)
                0x0000000008000c20                __aeabi_d2f
                0x0000000008000c20                __truncdfsf2
 .text          0x0000000008000cc0       0x30 /usr/local/Cellar/arm-gcc-bin@8/8-2019-q3-update/bin/../lib/gcc/arm-none-eabi/8.3.1/thumb/v7e-m+fp/hard/libgcc.a(_aeabi_uldivmod.o)
                0x0000000008000cc0                __aeabi_uldivmod
 .text          0x0000000008000cf0      0x2d0 /usr/local/Cellar/arm-gcc-bin@8/8-2019-q3-update/bin/../lib/gcc/arm-none-eabi/8.3.1/thumb/v7e-m+fp/hard/libgcc.a(_udivmoddi4.o)
                0x0000000008000cf0                __udivmoddi4
 .text          0x0000000008000fc0        0x4 /usr/local/Cellar/arm-gcc-bin@8/8-2019-q3-update/bin/../lib/gcc/arm-none-eabi/8.3.1/thumb/v7e-m+fp/hard/libgcc.a(_dvmd_tls.o)
                0x0000000008000fc0                __aeabi_ldiv0
                0x0000000008000fc0                __aeabi_idiv0
 *fill*         0x0000000008000fc4        0xc 
 .text          0x0000000008000fd0       0xa0 /usr/local/Cellar/arm-gcc-bin@8/8-2019-q3-update/bin/../lib/gcc/arm-none-eabi/8.3.1/../../../../arm-none-eabi/lib/thumb/v7e-m+fp/hard/libg.a(lib_a-memchr.o)
                0x0000000008000fd0                memchr
 .text          0x0000000008001070      0x134 /usr/local/Cellar/arm-gcc-bin@8/8-2019-q3-update/bin/../lib/gcc/arm-none-eabi/8.3.1/../../../../arm-none-eabi/lib/thumb/v7e-m+fp/hard/libg.a(lib_a-memcpy.o)
                0x0000000008001070                memcpy
 *(.text.*)
 .text.bit_for_value
                0x00000000080011a4       0x78 .build/obj_preonic_rev3_camerash/muse.o
                0x00000000080011a4                bit_for_value
 .text.muse_clock_pulse
                0x000000000800121c       0xcc .build/obj_preonic_rev3_camerash/muse.o
                0x000000000800121c                muse_clock_pulse
 .text.matrix_init_kb
                0x00000000080012e8        0x4 .build/obj_preonic_rev3_camerash/keyboards/preonic/rev3/rev3.o
                0x00000000080012e8                matrix_init_kb
 .text.matrix_scan_kb
                0x00000000080012ec        0x4 .build/obj_preonic_rev3_camerash/keyboards/preonic/rev3/rev3.o
                0x00000000080012ec                matrix_scan_kb
 .text.keyboard_post_init_user
                0x00000000080012f0       0x10 .build/obj_preonic_rev3_camerash/keyboards/preonic/keymaps/camerash/keymap.o
                0x00000000080012f0                keyboard_post_init_user
 .text.process_record_user
                0x0000000008001300       0x46 .build/obj_preonic_rev3_camerash/keyboards/preonic/keymaps/camerash/keymap.o
                0x0000000008001300                process_record_user
 *fill*         0x0000000008001346        0x2 
 .text.encoder_update_user
                0x0000000008001348       0x5c .build/obj_preonic_rev3_camerash/keyboards/preonic/keymaps/camerash/keymap.o
                0x0000000008001348                encoder_update_user
 .text.dip_switch_update_user
                0x00000000080013a4       0x24 .build/obj_preonic_rev3_camerash/keyboards/preonic/keymaps/camerash/keymap.o
                0x00000000080013a4                dip_switch_update_user
 .text.matrix_scan_user
                0x00000000080013c8       0xa0 .build/obj_preonic_rev3_camerash/keyboards/preonic/keymaps/camerash/keymap.o
                0x00000000080013c8                matrix_scan_user
 .text.layer_state_set_user
                0x0000000008001468       0x46 .build/obj_preonic_rev3_camerash/keyboards/preonic/keymaps/camerash/keymap.o
                0x0000000008001468                layer_state_set_user
 .text.process_action_kb
                0x00000000080014ae        0x4 .build/obj_preonic_rev3_camerash/quantum/quantum.o
                0x00000000080014ae                process_action_kb
 .text.process_record_kb
                0x00000000080014b2        0x8 .build/obj_preonic_rev3_camerash/quantum/quantum.o
                0x00000000080014b2                process_record_kb
 .text.post_process_record_user
                0x00000000080014ba        0x2 .build/obj_preonic_rev3_camerash/quantum/quantum.o
                0x00000000080014ba                post_process_record_user
 .text.post_process_record_kb
                0x00000000080014bc        0x8 .build/obj_preonic_rev3_camerash/quantum/quantum.o
                0x00000000080014bc                post_process_record_kb
 .text.get_event_keycode
                0x00000000080014c4       0x4c .build/obj_preonic_rev3_camerash/quantum/quantum.o
                0x00000000080014c4                get_event_keycode
 .text.get_record_keycode
                0x0000000008001510        0xc .build/obj_preonic_rev3_camerash/quantum/quantum.o
                0x0000000008001510                get_record_keycode
 .text.post_process_record_quantum
                0x000000000800151c       0x12 .build/obj_preonic_rev3_camerash/quantum/quantum.o
                0x000000000800151c                post_process_record_quantum
 .text.update_tri_layer_state
                0x000000000800152e       0x1e .build/obj_preonic_rev3_camerash/quantum/quantum.o
                0x000000000800152e                update_tri_layer_state
 .text.update_tri_layer
                0x000000000800154c       0x1c .build/obj_preonic_rev3_camerash/quantum/quantum.o
                0x000000000800154c                update_tri_layer
 .text.matrix_init_quantum
                0x0000000008001568       0x18 .build/obj_preonic_rev3_camerash/quantum/quantum.o
                0x0000000008001568                matrix_init_quantum
 .text.matrix_scan_quantum
                0x0000000008001580       0x14 .build/obj_preonic_rev3_camerash/quantum/quantum.o
                0x0000000008001580                matrix_scan_quantum
 .text.led_set_user
                0x0000000008001594        0x2 .build/obj_preonic_rev3_camerash/quantum/quantum.o
                0x0000000008001594                led_set_user
 .text.led_set_kb
                0x0000000008001596        0x8 .build/obj_preonic_rev3_camerash/quantum/quantum.o
                0x0000000008001596                led_set_kb
 .text.led_update_user
                0x000000000800159e        0x4 .build/obj_preonic_rev3_camerash/quantum/quantum.o
                0x000000000800159e                led_update_user
 .text.led_update_kb
                0x00000000080015a2        0x8 .build/obj_preonic_rev3_camerash/quantum/quantum.o
                0x00000000080015a2                led_update_kb
 .text.led_set  0x00000000080015aa       0x10 .build/obj_preonic_rev3_camerash/quantum/quantum.o
                0x00000000080015aa                led_set
 .text.shutdown_user
                0x00000000080015ba        0x2 .build/obj_preonic_rev3_camerash/quantum/quantum.o
                0x00000000080015ba                shutdown_user
 .text.reset_keyboard
                0x00000000080015bc       0x40 .build/obj_preonic_rev3_camerash/quantum/quantum.o
                0x00000000080015bc                reset_keyboard
 .text.process_record_quantum
                0x00000000080015fc       0xbc .build/obj_preonic_rev3_camerash/quantum/quantum.o
                0x00000000080015fc                process_record_quantum
 .text.action_get_macro
                0x00000000080016b8        0x4 .build/obj_preonic_rev3_camerash/quantum/keymap_common.o
                0x00000000080016b8                action_get_macro
 .text.action_function
                0x00000000080016bc        0x2 .build/obj_preonic_rev3_camerash/quantum/keymap_common.o
                0x00000000080016bc                action_function
 *fill*         0x00000000080016be        0x2 
 .text.keymap_key_to_keycode
                0x00000000080016c0       0x24 .build/obj_preonic_rev3_camerash/quantum/keymap_common.o
                0x00000000080016c0                keymap_key_to_keycode
 .text.keymap_function_id_to_action
                0x00000000080016e4        0xc .build/obj_preonic_rev3_camerash/quantum/keymap_common.o
                0x00000000080016e4                keymap_function_id_to_action
 .text.action_for_key
                0x00000000080016f0      0x1a4 .build/obj_preonic_rev3_camerash/quantum/keymap_common.o
                0x00000000080016f0                action_for_key
 .text.keycode_config
                0x0000000008001894      0x104 .build/obj_preonic_rev3_camerash/quantum/keycode_config.o
                0x0000000008001894                keycode_config
 .text.mod_config
                0x0000000008001998       0xac .build/obj_preonic_rev3_camerash/quantum/keycode_config.o
                0x0000000008001998                mod_config
 .text.matrix_init_user
                0x0000000008001a44        0x2 .build/obj_preonic_rev3_camerash/quantum/matrix_common.o
                0x0000000008001a44                matrix_init_user
 *fill*         0x0000000008001a46        0x2 
 .text.matrix_get_row
                0x0000000008001a48        0xc .build/obj_preonic_rev3_camerash/quantum/matrix_common.o
                0x0000000008001a48                matrix_get_row
 .text.matrix_print
                0x0000000008001a54       0x5c .build/obj_preonic_rev3_camerash/quantum/matrix_common.o
                0x0000000008001a54                matrix_print
 .text.matrix_io_delay
                0x0000000008001ab0        0x6 .build/obj_preonic_rev3_camerash/quantum/matrix_common.o
                0x0000000008001ab0                matrix_io_delay
 *fill*         0x0000000008001ab6        0x2 
 .text.matrix_init
                0x0000000008001ab8       0x80 .build/obj_preonic_rev3_camerash/quantum/matrix.o
                0x0000000008001ab8                matrix_init
 .text.matrix_scan
                0x0000000008001b38       0xb8 .build/obj_preonic_rev3_camerash/quantum/matrix.o
                0x0000000008001b38                matrix_scan
 .text.debounce_init
                0x0000000008001bf0        0x2 .build/obj_preonic_rev3_camerash/quantum/debounce/sym_defer_g.o
                0x0000000008001bf0                debounce_init
 *fill*         0x0000000008001bf2        0x2 
 .text.debounce
                0x0000000008001bf4       0x48 .build/obj_preonic_rev3_camerash/quantum/debounce/sym_defer_g.o
                0x0000000008001bf4                debounce
 *fill*         0x0000000008001c3c        0x4 
 .text.compute_freq_for_midi_note
                0x0000000008001c40       0x4c .build/obj_preonic_rev3_camerash/quantum/process_keycode/process_audio.o
                0x0000000008001c40                compute_freq_for_midi_note
 .text.process_audio
                0x0000000008001c8c       0x74 .build/obj_preonic_rev3_camerash/quantum/process_keycode/process_audio.o
                0x0000000008001c8c                process_audio
 .text.process_audio_noteon
                0x0000000008001d00       0x10 .build/obj_preonic_rev3_camerash/quantum/process_keycode/process_audio.o
                0x0000000008001d00                process_audio_noteon
 .text.process_audio_noteoff
                0x0000000008001d10        0xe .build/obj_preonic_rev3_camerash/quantum/process_keycode/process_audio.o
                0x0000000008001d10                process_audio_noteoff
 .text.process_audio_all_notes_off
                0x0000000008001d1e        0x4 .build/obj_preonic_rev3_camerash/quantum/process_keycode/process_audio.o
                0x0000000008001d1e                process_audio_all_notes_off
 .text.audio_on_user
                0x0000000008001d22        0x2 .build/obj_preonic_rev3_camerash/quantum/process_keycode/process_audio.o
                0x0000000008001d22                audio_on_user
 .text.end_cb1  0x0000000008001d24       0x10 .build/obj_preonic_rev3_camerash/quantum/audio/audio_chibios.o
 *fill*         0x0000000008001d34        0x4 
 .text.gpt_cb8  0x0000000008001d38      0x70c .build/obj_preonic_rev3_camerash/quantum/audio/audio_chibios.o
 .text.error_cb1
                0x0000000008002444        0xc .build/obj_preonic_rev3_camerash/quantum/audio/audio_chibios.o
 .text.play_notes
                0x0000000008002450      0x108 .build/obj_preonic_rev3_camerash/quantum/audio/audio_chibios.o
                0x0000000008002450                play_notes
 .text.audio_init
                0x0000000008002558       0xdc .build/obj_preonic_rev3_camerash/quantum/audio/audio_chibios.o
                0x0000000008002558                audio_init
 .text.stop_all_notes
                0x0000000008002634       0x98 .build/obj_preonic_rev3_camerash/quantum/audio/audio_chibios.o
                0x0000000008002634                stop_all_notes
 .text.stop_note
                0x00000000080026cc      0x100 .build/obj_preonic_rev3_camerash/quantum/audio/audio_chibios.o
                0x00000000080026cc                stop_note
 .text.play_note
                0x00000000080027cc      0x100 .build/obj_preonic_rev3_camerash/quantum/audio/audio_chibios.o
                0x00000000080027cc                play_note
 .text.is_audio_on
                0x00000000080028cc       0x10 .build/obj_preonic_rev3_camerash/quantum/audio/audio_chibios.o
                0x00000000080028cc                is_audio_on
 .text.audio_on
                0x00000000080028dc       0x1c .build/obj_preonic_rev3_camerash/quantum/audio/audio_chibios.o
                0x00000000080028dc                audio_on
 .text.audio_off
                0x00000000080028f8       0x20 .build/obj_preonic_rev3_camerash/quantum/audio/audio_chibios.o
                0x00000000080028f8                audio_off
 .text.voice_iterate
                0x0000000008002918        0xc .build/obj_preonic_rev3_camerash/quantum/audio/voices.o
                0x0000000008002918                voice_iterate
 .text.voice_deiterate
                0x0000000008002924        0xc .build/obj_preonic_rev3_camerash/quantum/audio/voices.o
                0x0000000008002924                voice_deiterate
 .text.voice_envelope
                0x0000000008002930       0x2c .build/obj_preonic_rev3_camerash/quantum/audio/voices.o
                0x0000000008002930                voice_envelope
 .text.music_all_notes_off
                0x000000000800295c       0x10 .build/obj_preonic_rev3_camerash/quantum/process_keycode/process_music.o
                0x000000000800295c                music_all_notes_off
 .text.music_off
                0x000000000800296c       0x20 .build/obj_preonic_rev3_camerash/quantum/process_keycode/process_music.o
                0x000000000800296c                music_off
 .text.midi_off
                0x000000000800298c       0x18 .build/obj_preonic_rev3_camerash/quantum/process_keycode/process_music.o
                0x000000000800298c                midi_off
 .text.music_mode_cycle
                0x00000000080029a4       0x30 .build/obj_preonic_rev3_camerash/quantum/process_keycode/process_music.o
                0x00000000080029a4                music_mode_cycle
 .text.matrix_scan_music
                0x00000000080029d4       0x7c .build/obj_preonic_rev3_camerash/quantum/process_keycode/process_music.o
                0x00000000080029d4                matrix_scan_music
 .text.music_on_user
                0x0000000008002a50        0x2 .build/obj_preonic_rev3_camerash/quantum/process_keycode/process_music.o
                0x0000000008002a50                music_on_user
 *fill*         0x0000000008002a52        0x2 
 .text.music_on
                0x0000000008002a54       0x20 .build/obj_preonic_rev3_camerash/quantum/process_keycode/process_music.o
                0x0000000008002a54                music_on
 .text.midi_on_user
                0x0000000008002a74        0x2 .build/obj_preonic_rev3_camerash/quantum/process_keycode/process_music.o
                0x0000000008002a74                midi_on_user
 *fill*         0x0000000008002a76        0x2 
 .text.midi_on  0x0000000008002a78       0x20 .build/obj_preonic_rev3_camerash/quantum/process_keycode/process_music.o
                0x0000000008002a78                midi_on
 .text.process_music
                0x0000000008002a98      0x204 .build/obj_preonic_rev3_camerash/quantum/process_keycode/process_music.o
                0x0000000008002a98                process_music
 .text.EEPROM_Init
                0x0000000008002c9c        0xc .build/obj_preonic_rev3_camerash/common/chibios/eeprom_stm32.o
                0x0000000008002c9c                EEPROM_Init
 .text.EEPROM_Erase
                0x0000000008002ca8       0x30 .build/obj_preonic_rev3_camerash/common/chibios/eeprom_stm32.o
                0x0000000008002ca8                EEPROM_Erase
 .text.EEPROM_WriteDataByte
                0x0000000008002cd8       0x84 .build/obj_preonic_rev3_camerash/common/chibios/eeprom_stm32.o
                0x0000000008002cd8                EEPROM_WriteDataByte
 .text.eeprom_read_byte
                0x0000000008002d5c       0x10 .build/obj_preonic_rev3_camerash/common/chibios/eeprom_stm32.o
                0x0000000008002d5c                eeprom_read_byte
 .text.eeprom_update_byte
                0x0000000008002d6c        0x6 .build/obj_preonic_rev3_camerash/common/chibios/eeprom_stm32.o
                0x0000000008002d6c                eeprom_update_byte
 .text.eeprom_read_word
                0x0000000008002d72       0x24 .build/obj_preonic_rev3_camerash/common/chibios/eeprom_stm32.o
                0x0000000008002d72                eeprom_read_word
 .text.eeprom_write_word
                0x0000000008002d96       0x1c .build/obj_preonic_rev3_camerash/common/chibios/eeprom_stm32.o
                0x0000000008002d96                eeprom_write_word
 .text.eeprom_update_word
                0x0000000008002db2        0x4 .build/obj_preonic_rev3_camerash/common/chibios/eeprom_stm32.o
                0x0000000008002db2                eeprom_update_word
 .text.eeprom_read_dword
                0x0000000008002db6       0x4e .build/obj_preonic_rev3_camerash/common/chibios/eeprom_stm32.o
                0x0000000008002db6                eeprom_read_dword
 .text.eeprom_update_dword
                0x0000000008002e04       0x7c .build/obj_preonic_rev3_camerash/common/chibios/eeprom_stm32.o
                0x0000000008002e04                eeprom_update_dword
 .text.FLASH_GetStatus
                0x0000000008002e80       0x34 .build/obj_preonic_rev3_camerash/common/chibios/flash_stm32.o
                0x0000000008002e80                FLASH_GetStatus
 .text.FLASH_WaitForLastOperation
                0x0000000008002eb4       0x38 .build/obj_preonic_rev3_camerash/common/chibios/flash_stm32.o
                0x0000000008002eb4                FLASH_WaitForLastOperation
 .text.FLASH_ErasePage
                0x0000000008002eec       0x44 .build/obj_preonic_rev3_camerash/common/chibios/flash_stm32.o
                0x0000000008002eec                FLASH_ErasePage
 .text.FLASH_ProgramHalfWord
                0x0000000008002f30       0x4c .build/obj_preonic_rev3_camerash/common/chibios/flash_stm32.o
                0x0000000008002f30                FLASH_ProgramHalfWord
 .text.FLASH_Unlock
                0x0000000008002f7c       0x18 .build/obj_preonic_rev3_camerash/common/chibios/flash_stm32.o
                0x0000000008002f7c                FLASH_Unlock
 .text.hsv_to_rgb_impl
                0x0000000008002f94       0xdc .build/obj_preonic_rev3_camerash/quantum/color.o
                0x0000000008002f94                hsv_to_rgb_impl
 .text.hsv_to_rgb
                0x0000000008003070        0xa .build/obj_preonic_rev3_camerash/quantum/color.o
                0x0000000008003070                hsv_to_rgb
 .text.rgblight_effect_dummy
                0x000000000800307a        0x2 .build/obj_preonic_rev3_camerash/quantum/rgblight.o
 .text.sethsv_raw
                0x000000000800307c       0x28 .build/obj_preonic_rev3_camerash/quantum/rgblight.o
                0x000000000800307c                sethsv_raw
 .text.rgblight_check_config
                0x00000000080030a4       0x20 .build/obj_preonic_rev3_camerash/quantum/rgblight.o
                0x00000000080030a4                rgblight_check_config
 .text.eeconfig_read_rgblight
                0x00000000080030c4        0x6 .build/obj_preonic_rev3_camerash/quantum/rgblight.o
                0x00000000080030c4                eeconfig_read_rgblight
 .text.eeconfig_update_rgblight
                0x00000000080030ca       0x12 .build/obj_preonic_rev3_camerash/quantum/rgblight.o
                0x00000000080030ca                eeconfig_update_rgblight
 .text.eeconfig_update_rgblight_default
                0x00000000080030dc       0x18 .build/obj_preonic_rev3_camerash/quantum/rgblight.o
                0x00000000080030dc                eeconfig_update_rgblight_default
 .text.eeconfig_debug_rgblight
                0x00000000080030f4       0x98 .build/obj_preonic_rev3_camerash/quantum/rgblight.o
                0x00000000080030f4                eeconfig_debug_rgblight
 .text.rgblight_get_mode
                0x000000000800318c       0x14 .build/obj_preonic_rev3_camerash/quantum/rgblight.o
                0x000000000800318c                rgblight_get_mode
 .text.rgblight_increase_speed_helper
                0x00000000080031a0       0x1c .build/obj_preonic_rev3_camerash/quantum/rgblight.o
                0x00000000080031a0                rgblight_increase_speed_helper
 .text.rgblight_increase_speed
                0x00000000080031bc        0x6 .build/obj_preonic_rev3_camerash/quantum/rgblight.o
                0x00000000080031bc                rgblight_increase_speed
 *fill*         0x00000000080031c2        0x2 
 .text.rgblight_decrease_speed_helper
                0x00000000080031c4       0x18 .build/obj_preonic_rev3_camerash/quantum/rgblight.o
                0x00000000080031c4                rgblight_decrease_speed_helper
 .text.rgblight_decrease_speed
                0x00000000080031dc        0x6 .build/obj_preonic_rev3_camerash/quantum/rgblight.o
                0x00000000080031dc                rgblight_decrease_speed
 *fill*         0x00000000080031e2        0x2 
 .text.rgblight_get_layer_state
                0x00000000080031e4       0x18 .build/obj_preonic_rev3_camerash/quantum/rgblight.o
                0x00000000080031e4                rgblight_get_layer_state
 .text.rgblight_call_driver
                0x00000000080031fc        0x4 .build/obj_preonic_rev3_camerash/quantum/rgblight.o
                0x00000000080031fc                rgblight_call_driver
 .text.rgblight_set
                0x0000000008003200       0xdc .build/obj_preonic_rev3_camerash/quantum/rgblight.o
                0x0000000008003200                rgblight_set
 .text.rgblight_setrgb
                0x00000000080032dc       0x48 .build/obj_preonic_rev3_camerash/quantum/rgblight.o
                0x00000000080032dc                rgblight_setrgb
 .text.rgblight_sethsv_noeeprom_old
                0x0000000008003324       0x2c .build/obj_preonic_rev3_camerash/quantum/rgblight.o
                0x0000000008003324                rgblight_sethsv_noeeprom_old
 .text.rgblight_effect_breathing
                0x0000000008003350       0x24 .build/obj_preonic_rev3_camerash/quantum/rgblight.o
                0x0000000008003350                rgblight_effect_breathing
 .text.rgblight_effect_rainbow_mood
                0x0000000008003374       0x1c .build/obj_preonic_rev3_camerash/quantum/rgblight.o
                0x0000000008003374                rgblight_effect_rainbow_mood
 .text.rgblight_effect_rgbtest
                0x0000000008003390       0x60 .build/obj_preonic_rev3_camerash/quantum/rgblight.o
                0x0000000008003390                rgblight_effect_rgbtest
 .text.rgblight_sethsv_eeprom_helper
                0x00000000080033f0      0x14c .build/obj_preonic_rev3_camerash/quantum/rgblight.o
                0x00000000080033f0                rgblight_sethsv_eeprom_helper
 .text.rgblight_increase_hue_helper
                0x000000000800353c       0x1c .build/obj_preonic_rev3_camerash/quantum/rgblight.o
                0x000000000800353c                rgblight_increase_hue_helper
 .text.rgblight_increase_hue
                0x0000000008003558        0x6 .build/obj_preonic_rev3_camerash/quantum/rgblight.o
                0x0000000008003558                rgblight_increase_hue
 *fill*         0x000000000800355e        0x2 
 .text.rgblight_decrease_hue_helper
                0x0000000008003560       0x1c .build/obj_preonic_rev3_camerash/quantum/rgblight.o
                0x0000000008003560                rgblight_decrease_hue_helper
 .text.rgblight_decrease_hue
                0x000000000800357c        0x6 .build/obj_preonic_rev3_camerash/quantum/rgblight.o
                0x000000000800357c                rgblight_decrease_hue
 *fill*         0x0000000008003582        0x2 
 .text.rgblight_increase_sat_helper
                0x0000000008003584       0x24 .build/obj_preonic_rev3_camerash/quantum/rgblight.o
                0x0000000008003584                rgblight_increase_sat_helper
 .text.rgblight_increase_sat
                0x00000000080035a8        0x6 .build/obj_preonic_rev3_camerash/quantum/rgblight.o
                0x00000000080035a8                rgblight_increase_sat
 *fill*         0x00000000080035ae        0x2 
 .text.rgblight_decrease_sat_helper
                0x00000000080035b0       0x20 .build/obj_preonic_rev3_camerash/quantum/rgblight.o
                0x00000000080035b0                rgblight_decrease_sat_helper
 .text.rgblight_decrease_sat
                0x00000000080035d0        0x6 .build/obj_preonic_rev3_camerash/quantum/rgblight.o
                0x00000000080035d0                rgblight_decrease_sat
 *fill*         0x00000000080035d6        0x2 
 .text.rgblight_increase_val_helper
                0x00000000080035d8       0x24 .build/obj_preonic_rev3_camerash/quantum/rgblight.o
                0x00000000080035d8                rgblight_increase_val_helper
 .text.rgblight_increase_val
                0x00000000080035fc        0x6 .build/obj_preonic_rev3_camerash/quantum/rgblight.o
                0x00000000080035fc                rgblight_increase_val
 *fill*         0x0000000008003602        0x2 
 .text.rgblight_decrease_val_helper
                0x0000000008003604       0x20 .build/obj_preonic_rev3_camerash/quantum/rgblight.o
                0x0000000008003604                rgblight_decrease_val_helper
 .text.rgblight_decrease_val
                0x0000000008003624        0x6 .build/obj_preonic_rev3_camerash/quantum/rgblight.o
                0x0000000008003624                rgblight_decrease_val
 .text.rgblight_sethsv_noeeprom
                0x000000000800362a        0x6 .build/obj_preonic_rev3_camerash/quantum/rgblight.o
                0x000000000800362a                rgblight_sethsv_noeeprom
 .text.rgblight_effect_rainbow_swirl
                0x0000000008003630       0x64 .build/obj_preonic_rev3_camerash/quantum/rgblight.o
                0x0000000008003630                rgblight_effect_rainbow_swirl
 .text.rgblight_effect_snake
                0x0000000008003694       0xdc .build/obj_preonic_rev3_camerash/quantum/rgblight.o
                0x0000000008003694                rgblight_effect_snake
 .text.rgblight_effect_knight
                0x0000000008003770       0xcc .build/obj_preonic_rev3_camerash/quantum/rgblight.o
                0x0000000008003770                rgblight_effect_knight
 .text.rgblight_effect_christmas
                0x000000000800383c       0xb4 .build/obj_preonic_rev3_camerash/quantum/rgblight.o
                0x000000000800383c                rgblight_effect_christmas
 .text.rgblight_effect_alternating
                0x00000000080038f0       0x68 .build/obj_preonic_rev3_camerash/quantum/rgblight.o
                0x00000000080038f0                rgblight_effect_alternating
 .text.rgblight_effect_twinkle
                0x0000000008003958      0x134 .build/obj_preonic_rev3_camerash/quantum/rgblight.o
                0x0000000008003958                rgblight_effect_twinkle
 .text.rgblight_timer_enable
                0x0000000008003a8c       0x4c .build/obj_preonic_rev3_camerash/quantum/rgblight.o
                0x0000000008003a8c                rgblight_timer_enable
 .text.rgblight_timer_disable
                0x0000000008003ad8       0x24 .build/obj_preonic_rev3_camerash/quantum/rgblight.o
                0x0000000008003ad8                rgblight_timer_disable
 .text.rgblight_mode_eeprom_helper
                0x0000000008003afc       0x90 .build/obj_preonic_rev3_camerash/quantum/rgblight.o
                0x0000000008003afc                rgblight_mode_eeprom_helper
 .text.rgblight_step_helper
                0x0000000008003b8c       0x1c .build/obj_preonic_rev3_camerash/quantum/rgblight.o
                0x0000000008003b8c                rgblight_step_helper
 .text.rgblight_step
                0x0000000008003ba8        0x6 .build/obj_preonic_rev3_camerash/quantum/rgblight.o
                0x0000000008003ba8                rgblight_step
 *fill*         0x0000000008003bae        0x2 
 .text.rgblight_step_reverse_helper
                0x0000000008003bb0       0x20 .build/obj_preonic_rev3_camerash/quantum/rgblight.o
                0x0000000008003bb0                rgblight_step_reverse_helper
 .text.rgblight_step_reverse
                0x0000000008003bd0        0x6 .build/obj_preonic_rev3_camerash/quantum/rgblight.o
                0x0000000008003bd0                rgblight_step_reverse
 .text.rgblight_mode
                0x0000000008003bd6        0x6 .build/obj_preonic_rev3_camerash/quantum/rgblight.o
                0x0000000008003bd6                rgblight_mode
 .text.rgblight_enable
                0x0000000008003bdc       0x34 .build/obj_preonic_rev3_camerash/quantum/rgblight.o
                0x0000000008003bdc                rgblight_enable
 .text.rgblight_mode_noeeprom
                0x0000000008003c10        0x6 .build/obj_preonic_rev3_camerash/quantum/rgblight.o
                0x0000000008003c10                rgblight_mode_noeeprom
 *fill*         0x0000000008003c16        0x2 
 .text.rgblight_init
                0x0000000008003c18       0xa4 .build/obj_preonic_rev3_camerash/quantum/rgblight.o
                0x0000000008003c18                rgblight_init
 .text.rgblight_set_layer_state
                0x0000000008003cbc       0x30 .build/obj_preonic_rev3_camerash/quantum/rgblight.o
                0x0000000008003cbc                rgblight_set_layer_state
 .text.rgblight_disable
                0x0000000008003cec       0x48 .build/obj_preonic_rev3_camerash/quantum/rgblight.o
                0x0000000008003cec                rgblight_disable
 .text.rgblight_toggle
                0x0000000008003d34       0x40 .build/obj_preonic_rev3_camerash/quantum/rgblight.o
                0x0000000008003d34                rgblight_toggle
 .text.rgblight_task
                0x0000000008003d74      0x120 .build/obj_preonic_rev3_camerash/quantum/rgblight.o
                0x0000000008003d74                rgblight_task
 .text.handleKeycodeRGB
                0x0000000008003e94        0x6 .build/obj_preonic_rev3_camerash/quantum/process_keycode/process_rgb.o
 .text.handleKeycodeRGBMode
                0x0000000008003e9a       0x26 .build/obj_preonic_rev3_camerash/quantum/process_keycode/process_rgb.o
 .text.process_rgb
                0x0000000008003ec0       0xe4 .build/obj_preonic_rev3_camerash/quantum/process_keycode/process_rgb.o
                0x0000000008003ec0                process_rgb
 .text.sendByte
                0x0000000008003fa4       0x7a .build/obj_preonic_rev3_camerash/ws2812.o
                0x0000000008003fa4                sendByte
 .text.ws2812_init
                0x000000000800401e        0xc .build/obj_preonic_rev3_camerash/ws2812.o
                0x000000000800401e                ws2812_init
 *fill*         0x000000000800402a        0x2 
 .text.ws2812_setleds
                0x000000000800402c       0x78 .build/obj_preonic_rev3_camerash/ws2812.o
                0x000000000800402c                ws2812_setleds
 .text.encoder_update_kb
                0x00000000080040a4        0x8 .build/obj_preonic_rev3_camerash/quantum/encoder.o
                0x00000000080040a4                encoder_update_kb
 .text.encoder_init
                0x00000000080040ac       0x3c .build/obj_preonic_rev3_camerash/quantum/encoder.o
                0x00000000080040ac                encoder_init
 .text.encoder_read
                0x00000000080040e8       0x88 .build/obj_preonic_rev3_camerash/quantum/encoder.o
                0x00000000080040e8                encoder_read
 .text.dip_switch_update_kb
                0x0000000008004170        0x8 .build/obj_preonic_rev3_camerash/quantum/dip_switch.o
                0x0000000008004170                dip_switch_update_kb
 .text.dip_switch_update_mask_user
                0x0000000008004178        0x2 .build/obj_preonic_rev3_camerash/quantum/dip_switch.o
                0x0000000008004178                dip_switch_update_mask_user
 .text.dip_switch_update_mask_kb
                0x000000000800417a        0x8 .build/obj_preonic_rev3_camerash/quantum/dip_switch.o
                0x000000000800417a                dip_switch_update_mask_kb
 *fill*         0x0000000008004182        0x2 
 .text.dip_switch_read
                0x0000000008004184       0x74 .build/obj_preonic_rev3_camerash/quantum/dip_switch.o
                0x0000000008004184                dip_switch_read
 .text.dip_switch_init
                0x00000000080041f8       0x34 .build/obj_preonic_rev3_camerash/quantum/dip_switch.o
                0x00000000080041f8                dip_switch_init
 .text.perform_space_cadet
                0x000000000800422c       0xcc .build/obj_preonic_rev3_camerash/quantum/process_keycode/process_space_cadet.o
                0x000000000800422c                perform_space_cadet
 .text.process_space_cadet
                0x00000000080042f8       0xa0 .build/obj_preonic_rev3_camerash/quantum/process_keycode/process_space_cadet.o
                0x00000000080042f8                process_space_cadet
 .text.process_magic
                0x0000000008004398      0x278 .build/obj_preonic_rev3_camerash/quantum/process_keycode/process_magic.o
                0x0000000008004398                process_magic
 .text.process_grave_esc
                0x0000000008004610       0x4c .build/obj_preonic_rev3_camerash/quantum/process_keycode/process_grave_esc.o
                0x0000000008004610                process_grave_esc
 .text.host_set_driver
                0x000000000800465c        0xc .build/obj_preonic_rev3_camerash/common/host.o
                0x000000000800465c                host_set_driver
 .text.host_keyboard_leds
                0x0000000008004668       0x10 .build/obj_preonic_rev3_camerash/common/host.o
                0x0000000008004668                host_keyboard_leds
 .text.host_keyboard_send
                0x0000000008004678       0x84 .build/obj_preonic_rev3_camerash/common/host.o
                0x0000000008004678                host_keyboard_send
 .text.host_mouse_send
                0x00000000080046fc       0x14 .build/obj_preonic_rev3_camerash/common/host.o
                0x00000000080046fc                host_mouse_send
 .text.host_system_send
                0x0000000008004710       0x20 .build/obj_preonic_rev3_camerash/common/host.o
                0x0000000008004710                host_system_send
 .text.host_consumer_send
                0x0000000008004730       0x20 .build/obj_preonic_rev3_camerash/common/host.o
                0x0000000008004730                host_consumer_send
 .text.matrix_setup
                0x0000000008004750        0x2 .build/obj_preonic_rev3_camerash/common/keyboard.o
                0x0000000008004750                matrix_setup
 .text.keyboard_pre_init_user
                0x0000000008004752        0x2 .build/obj_preonic_rev3_camerash/common/keyboard.o
                0x0000000008004752                keyboard_pre_init_user
 .text.keyboard_pre_init_kb
                0x0000000008004754        0x8 .build/obj_preonic_rev3_camerash/common/keyboard.o
                0x0000000008004754                keyboard_pre_init_kb
 .text.keyboard_post_init_kb
                0x000000000800475c        0x8 .build/obj_preonic_rev3_camerash/common/keyboard.o
                0x000000000800475c                keyboard_post_init_kb
 .text.keyboard_setup
                0x0000000008004764        0xc .build/obj_preonic_rev3_camerash/common/keyboard.o
                0x0000000008004764                keyboard_setup
 .text.is_keyboard_master
                0x0000000008004770        0x4 .build/obj_preonic_rev3_camerash/common/keyboard.o
                0x0000000008004770                is_keyboard_master
 .text.should_process_keypress
                0x0000000008004774        0x8 .build/obj_preonic_rev3_camerash/common/keyboard.o
                0x0000000008004774                should_process_keypress
 .text.keyboard_init
                0x000000000800477c       0x20 .build/obj_preonic_rev3_camerash/common/keyboard.o
                0x000000000800477c                keyboard_init
 .text.keyboard_set_leds
                0x000000000800479c       0x4c .build/obj_preonic_rev3_camerash/common/keyboard.o
                0x000000000800479c                keyboard_set_leds
 .text.keyboard_task
                0x00000000080047e8       0xf0 .build/obj_preonic_rev3_camerash/common/keyboard.o
                0x00000000080047e8                keyboard_task
 .text.action_exec
                0x00000000080048d8       0x24 .build/obj_preonic_rev3_camerash/common/action.o
                0x00000000080048d8                action_exec
 .text.process_record_tap_hint
                0x00000000080048fc        0x6 .build/obj_preonic_rev3_camerash/common/action.o
                0x00000000080048fc                process_record_tap_hint
 *fill*         0x0000000008004902        0x2 
 .text.register_code
                0x0000000008004904      0x10c .build/obj_preonic_rev3_camerash/common/action.o
                0x0000000008004904                register_code
 .text.unregister_code
                0x0000000008004a10       0xba .build/obj_preonic_rev3_camerash/common/action.o
                0x0000000008004a10                unregister_code
 .text.tap_code
                0x0000000008004aca       0x20 .build/obj_preonic_rev3_camerash/common/action.o
                0x0000000008004aca                tap_code
 .text.register_mods
                0x0000000008004aea       0x12 .build/obj_preonic_rev3_camerash/common/action.o
                0x0000000008004aea                register_mods
 .text.unregister_mods
                0x0000000008004afc       0x12 .build/obj_preonic_rev3_camerash/common/action.o
                0x0000000008004afc                unregister_mods
 .text.process_action
                0x0000000008004b0e      0x3c0 .build/obj_preonic_rev3_camerash/common/action.o
                0x0000000008004b0e                process_action
 .text.process_record_handler
                0x0000000008004ece       0x22 .build/obj_preonic_rev3_camerash/common/action.o
                0x0000000008004ece                process_record_handler
 .text.process_record
                0x0000000008004ef0       0x46 .build/obj_preonic_rev3_camerash/common/action.o
                0x0000000008004ef0                process_record
 .text.clear_keyboard_but_mods_and_keys
                0x0000000008004f36       0x26 .build/obj_preonic_rev3_camerash/common/action.o
                0x0000000008004f36                clear_keyboard_but_mods_and_keys
 .text.clear_keyboard_but_mods
                0x0000000008004f5c        0xe .build/obj_preonic_rev3_camerash/common/action.o
                0x0000000008004f5c                clear_keyboard_but_mods
 .text.clear_keyboard
                0x0000000008004f6a        0xe .build/obj_preonic_rev3_camerash/common/action.o
                0x0000000008004f6a                clear_keyboard
 .text.is_tap_action
                0x0000000008004f78       0x5e .build/obj_preonic_rev3_camerash/common/action.o
                0x0000000008004f78                is_tap_action
 .text.is_tap_key
                0x0000000008004fd6       0x16 .build/obj_preonic_rev3_camerash/common/action.o
                0x0000000008004fd6                is_tap_key
 .text.debug_event
                0x0000000008004fec        0xc .build/obj_preonic_rev3_camerash/common/action.o
                0x0000000008004fec                debug_event
 .text.debug_record
                0x0000000008004ff8        0xc .build/obj_preonic_rev3_camerash/common/action.o
                0x0000000008004ff8                debug_record
 .text.debug_waiting_buffer
                0x0000000008005004       0x34 .build/obj_preonic_rev3_camerash/common/action_tapping.o
 .text.debug_tapping_key
                0x0000000008005038       0x10 .build/obj_preonic_rev3_camerash/common/action_tapping.o
 .text.waiting_buffer_scan_tap
                0x0000000008005048       0x9c .build/obj_preonic_rev3_camerash/common/action_tapping.o
 .text.process_tapping
                0x00000000080050e4      0x3c4 .build/obj_preonic_rev3_camerash/common/action_tapping.o
 .text.get_tapping_term
                0x00000000080054a8        0x4 .build/obj_preonic_rev3_camerash/common/action_tapping.o
                0x00000000080054a8                get_tapping_term
 .text.action_tapping_process
                0x00000000080054ac       0xd8 .build/obj_preonic_rev3_camerash/common/action_tapping.o
                0x00000000080054ac                action_tapping_process
 .text.action_macro_play
                0x0000000008005584       0xb0 .build/obj_preonic_rev3_camerash/common/action_macro.o
                0x0000000008005584                action_macro_play
 .text.default_layer_state_set_user
                0x0000000008005634        0x2 .build/obj_preonic_rev3_camerash/common/action_layer.o
                0x0000000008005634                default_layer_state_set_user
 .text.default_layer_state_set_kb
                0x0000000008005636        0x8 .build/obj_preonic_rev3_camerash/common/action_layer.o
                0x0000000008005636                default_layer_state_set_kb
 *fill*         0x000000000800563e        0x2 
 .text.default_layer_state_set
                0x0000000008005640       0x18 .build/obj_preonic_rev3_camerash/common/action_layer.o
 .text.default_layer_debug
                0x0000000008005658        0x2 .build/obj_preonic_rev3_camerash/common/action_layer.o
                0x0000000008005658                default_layer_debug
 .text.default_layer_set
                0x000000000800565a        0x4 .build/obj_preonic_rev3_camerash/common/action_layer.o
                0x000000000800565a                default_layer_set
 *fill*         0x000000000800565e        0x2 
 .text.default_layer_or
                0x0000000008005660       0x10 .build/obj_preonic_rev3_camerash/common/action_layer.o
                0x0000000008005660                default_layer_or
 .text.default_layer_and
                0x0000000008005670       0x10 .build/obj_preonic_rev3_camerash/common/action_layer.o
                0x0000000008005670                default_layer_and
 .text.default_layer_xor
                0x0000000008005680       0x10 .build/obj_preonic_rev3_camerash/common/action_layer.o
                0x0000000008005680                default_layer_xor
 .text.layer_state_set_kb
                0x0000000008005690        0x8 .build/obj_preonic_rev3_camerash/common/action_layer.o
                0x0000000008005690                layer_state_set_kb
 .text.layer_state_set
                0x0000000008005698       0x18 .build/obj_preonic_rev3_camerash/common/action_layer.o
                0x0000000008005698                layer_state_set
 .text.layer_clear
                0x00000000080056b0        0x6 .build/obj_preonic_rev3_camerash/common/action_layer.o
                0x00000000080056b0                layer_clear
 .text.layer_state_cmp
                0x00000000080056b6       0x12 .build/obj_preonic_rev3_camerash/common/action_layer.o
                0x00000000080056b6                layer_state_cmp
 .text.layer_state_is
                0x00000000080056c8       0x10 .build/obj_preonic_rev3_camerash/common/action_layer.o
                0x00000000080056c8                layer_state_is
 .text.layer_move
                0x00000000080056d8        0xa .build/obj_preonic_rev3_camerash/common/action_layer.o
                0x00000000080056d8                layer_move
 *fill*         0x00000000080056e2        0x2 
 .text.layer_on
                0x00000000080056e4       0x14 .build/obj_preonic_rev3_camerash/common/action_layer.o
                0x00000000080056e4                layer_on
 .text.layer_off
                0x00000000080056f8       0x18 .build/obj_preonic_rev3_camerash/common/action_layer.o
                0x00000000080056f8                layer_off
 .text.layer_invert
                0x0000000008005710       0x14 .build/obj_preonic_rev3_camerash/common/action_layer.o
                0x0000000008005710                layer_invert
 .text.layer_or
                0x0000000008005724       0x10 .build/obj_preonic_rev3_camerash/common/action_layer.o
                0x0000000008005724                layer_or
 .text.layer_and
                0x0000000008005734       0x10 .build/obj_preonic_rev3_camerash/common/action_layer.o
                0x0000000008005734                layer_and
 .text.layer_xor
                0x0000000008005744       0x10 .build/obj_preonic_rev3_camerash/common/action_layer.o
                0x0000000008005744                layer_xor
 .text.layer_debug
                0x0000000008005754        0x2 .build/obj_preonic_rev3_camerash/common/action_layer.o
                0x0000000008005754                layer_debug
 *fill*         0x0000000008005756        0x2 
 .text.update_source_layers_cache
                0x0000000008005758       0x4c .build/obj_preonic_rev3_camerash/common/action_layer.o
                0x0000000008005758                update_source_layers_cache
 .text.read_source_layers_cache
                0x00000000080057a4       0x44 .build/obj_preonic_rev3_camerash/common/action_layer.o
                0x00000000080057a4                read_source_layers_cache
 .text.layer_switch_get_layer
                0x00000000080057e8       0x44 .build/obj_preonic_rev3_camerash/common/action_layer.o
                0x00000000080057e8                layer_switch_get_layer
 .text.layer_switch_get_action
                0x000000000800582c       0x18 .build/obj_preonic_rev3_camerash/common/action_layer.o
                0x000000000800582c                layer_switch_get_action
 .text.store_or_get_action
                0x0000000008005844       0x48 .build/obj_preonic_rev3_camerash/common/action_layer.o
                0x0000000008005844                store_or_get_action
 .text.add_key  0x000000000800588c       0x10 .build/obj_preonic_rev3_camerash/common/action_util.o
                0x000000000800588c                add_key
 .text.del_key  0x000000000800589c       0x10 .build/obj_preonic_rev3_camerash/common/action_util.o
                0x000000000800589c                del_key
 .text.clear_keys
                0x00000000080058ac        0xc .build/obj_preonic_rev3_camerash/common/action_util.o
                0x00000000080058ac                clear_keys
 .text.get_oneshot_layer
                0x00000000080058b8       0x10 .build/obj_preonic_rev3_camerash/common/action_util.o
                0x00000000080058b8                get_oneshot_layer
 .text.get_oneshot_layer_state
                0x00000000080058c8       0x10 .build/obj_preonic_rev3_camerash/common/action_util.o
                0x00000000080058c8                get_oneshot_layer_state
 .text.is_oneshot_layer_active
                0x00000000080058d8       0x14 .build/obj_preonic_rev3_camerash/common/action_util.o
                0x00000000080058d8                is_oneshot_layer_active
 .text.get_mods
                0x00000000080058ec        0xc .build/obj_preonic_rev3_camerash/common/action_util.o
                0x00000000080058ec                get_mods
 .text.add_mods
                0x00000000080058f8       0x10 .build/obj_preonic_rev3_camerash/common/action_util.o
                0x00000000080058f8                add_mods
 .text.del_mods
                0x0000000008005908       0x10 .build/obj_preonic_rev3_camerash/common/action_util.o
                0x0000000008005908                del_mods
 .text.clear_mods
                0x0000000008005918        0xc .build/obj_preonic_rev3_camerash/common/action_util.o
                0x0000000008005918                clear_mods
 .text.add_weak_mods
                0x0000000008005924       0x10 .build/obj_preonic_rev3_camerash/common/action_util.o
                0x0000000008005924                add_weak_mods
 .text.del_weak_mods
                0x0000000008005934       0x10 .build/obj_preonic_rev3_camerash/common/action_util.o
                0x0000000008005934                del_weak_mods
 .text.clear_weak_mods
                0x0000000008005944        0xc .build/obj_preonic_rev3_camerash/common/action_util.o
                0x0000000008005944                clear_weak_mods
 .text.add_macro_mods
                0x0000000008005950       0x10 .build/obj_preonic_rev3_camerash/common/action_util.o
                0x0000000008005950                add_macro_mods
 .text.del_macro_mods
                0x0000000008005960       0x10 .build/obj_preonic_rev3_camerash/common/action_util.o
                0x0000000008005960                del_macro_mods
 .text.clear_macro_mods
                0x0000000008005970        0xc .build/obj_preonic_rev3_camerash/common/action_util.o
                0x0000000008005970                clear_macro_mods
 .text.get_oneshot_mods
                0x000000000800597c        0xc .build/obj_preonic_rev3_camerash/common/action_util.o
                0x000000000800597c                get_oneshot_mods
 .text.oneshot_mods_changed_user
                0x0000000008005988        0x2 .build/obj_preonic_rev3_camerash/common/action_util.o
                0x0000000008005988                oneshot_mods_changed_user
 .text.oneshot_mods_changed_kb
                0x000000000800598a        0x8 .build/obj_preonic_rev3_camerash/common/action_util.o
                0x000000000800598a                oneshot_mods_changed_kb
 *fill*         0x0000000008005992        0x2 
 .text.set_oneshot_mods
                0x0000000008005994       0x18 .build/obj_preonic_rev3_camerash/common/action_util.o
                0x0000000008005994                set_oneshot_mods
 .text.clear_oneshot_mods
                0x00000000080059ac       0x18 .build/obj_preonic_rev3_camerash/common/action_util.o
                0x00000000080059ac                clear_oneshot_mods
 .text.send_keyboard_report
                0x00000000080059c4       0x4c .build/obj_preonic_rev3_camerash/common/action_util.o
                0x00000000080059c4                send_keyboard_report
 .text.oneshot_layer_changed_user
                0x0000000008005a10        0x2 .build/obj_preonic_rev3_camerash/common/action_util.o
                0x0000000008005a10                oneshot_layer_changed_user
 .text.oneshot_layer_changed_kb
                0x0000000008005a12        0x8 .build/obj_preonic_rev3_camerash/common/action_util.o
                0x0000000008005a12                oneshot_layer_changed_kb
 *fill*         0x0000000008005a1a        0x2 
 .text.set_oneshot_layer
                0x0000000008005a1c       0x20 .build/obj_preonic_rev3_camerash/common/action_util.o
                0x0000000008005a1c                set_oneshot_layer
 .text.reset_oneshot_layer
                0x0000000008005a3c       0x14 .build/obj_preonic_rev3_camerash/common/action_util.o
                0x0000000008005a3c                reset_oneshot_layer
 .text.clear_oneshot_layer_state
                0x0000000008005a50       0x30 .build/obj_preonic_rev3_camerash/common/action_util.o
                0x0000000008005a50                clear_oneshot_layer_state
 .text.bitrev   0x0000000008005a80       0x26 .build/obj_preonic_rev3_camerash/common/util.o
                0x0000000008005a80                bitrev
 .text.eeconfig_is_enabled
                0x0000000008005aa6       0x14 .build/obj_preonic_rev3_camerash/common/eeconfig.o
                0x0000000008005aa6                eeconfig_is_enabled
 .text.eeconfig_read_debug
                0x0000000008005aba        0x6 .build/obj_preonic_rev3_camerash/common/eeconfig.o
                0x0000000008005aba                eeconfig_read_debug
 .text.eeconfig_update_debug
                0x0000000008005ac0        0x8 .build/obj_preonic_rev3_camerash/common/eeconfig.o
                0x0000000008005ac0                eeconfig_update_debug
 .text.eeconfig_read_default_layer
                0x0000000008005ac8        0x6 .build/obj_preonic_rev3_camerash/common/eeconfig.o
                0x0000000008005ac8                eeconfig_read_default_layer
 .text.eeconfig_update_default_layer
                0x0000000008005ace        0x8 .build/obj_preonic_rev3_camerash/common/eeconfig.o
                0x0000000008005ace                eeconfig_update_default_layer
 .text.eeconfig_read_keymap
                0x0000000008005ad6       0x18 .build/obj_preonic_rev3_camerash/common/eeconfig.o
                0x0000000008005ad6                eeconfig_read_keymap
 .text.eeconfig_update_keymap
                0x0000000008005aee       0x18 .build/obj_preonic_rev3_camerash/common/eeconfig.o
                0x0000000008005aee                eeconfig_update_keymap
 .text.eeconfig_read_audio
                0x0000000008005b06        0x6 .build/obj_preonic_rev3_camerash/common/eeconfig.o
                0x0000000008005b06                eeconfig_read_audio
 .text.eeconfig_update_audio
                0x0000000008005b0c        0x8 .build/obj_preonic_rev3_camerash/common/eeconfig.o
                0x0000000008005b0c                eeconfig_update_audio
 .text.eeconfig_update_kb
                0x0000000008005b14        0x8 .build/obj_preonic_rev3_camerash/common/eeconfig.o
                0x0000000008005b14                eeconfig_update_kb
 .text.eeconfig_update_user
                0x0000000008005b1c        0x8 .build/obj_preonic_rev3_camerash/common/eeconfig.o
                0x0000000008005b1c                eeconfig_update_user
 .text.eeconfig_init_user
                0x0000000008005b24        0x6 .build/obj_preonic_rev3_camerash/common/eeconfig.o
                0x0000000008005b24                eeconfig_init_user
 .text.eeconfig_init_kb
                0x0000000008005b2a        0xe .build/obj_preonic_rev3_camerash/common/eeconfig.o
                0x0000000008005b2a                eeconfig_init_kb
 .text.eeconfig_init_quantum
                0x0000000008005b38       0x88 .build/obj_preonic_rev3_camerash/common/eeconfig.o
                0x0000000008005b38                eeconfig_init_quantum
 .text.eeconfig_init
                0x0000000008005bc0        0x4 .build/obj_preonic_rev3_camerash/common/eeconfig.o
                0x0000000008005bc0                eeconfig_init
 .text.eeconfig_update_handedness
                0x0000000008005bc4        0x8 .build/obj_preonic_rev3_camerash/common/eeconfig.o
                0x0000000008005bc4                eeconfig_update_handedness
 .text.has_anykey
                0x0000000008005bcc       0x3c .build/obj_preonic_rev3_camerash/common/report.o
                0x0000000008005bcc                has_anykey
 .text.is_key_pressed
                0x0000000008005c08       0x50 .build/obj_preonic_rev3_camerash/common/report.o
                0x0000000008005c08                is_key_pressed
 .text.add_key_byte
                0x0000000008005c58       0x32 .build/obj_preonic_rev3_camerash/common/report.o
                0x0000000008005c58                add_key_byte
 .text.del_key_byte
                0x0000000008005c8a       0x1a .build/obj_preonic_rev3_camerash/common/report.o
                0x0000000008005c8a                del_key_byte
 .text.add_key_bit
                0x0000000008005ca4       0x30 .build/obj_preonic_rev3_camerash/common/report.o
                0x0000000008005ca4                add_key_bit
 .text.del_key_bit
                0x0000000008005cd4       0x34 .build/obj_preonic_rev3_camerash/common/report.o
                0x0000000008005cd4                del_key_bit
 .text.add_key_to_report
                0x0000000008005d08       0x34 .build/obj_preonic_rev3_camerash/common/report.o
                0x0000000008005d08                add_key_to_report
 .text.del_key_from_report
                0x0000000008005d3c       0x34 .build/obj_preonic_rev3_camerash/common/report.o
                0x0000000008005d3c                del_key_from_report
 .text.clear_keys_from_report
                0x0000000008005d70       0x30 .build/obj_preonic_rev3_camerash/common/report.o
                0x0000000008005d70                clear_keys_from_report
 .text.suspend_power_down_user
                0x0000000008005da0        0x2 .build/obj_preonic_rev3_camerash/common/chibios/suspend.o
                0x0000000008005da0                suspend_power_down_user
 .text.suspend_power_down_kb
                0x0000000008005da2        0x8 .build/obj_preonic_rev3_camerash/common/chibios/suspend.o
                0x0000000008005da2                suspend_power_down_kb
 .text.suspend_power_down
                0x0000000008005daa       0x18 .build/obj_preonic_rev3_camerash/common/chibios/suspend.o
                0x0000000008005daa                suspend_power_down
 .text.matrix_power_up
                0x0000000008005dc2        0x2 .build/obj_preonic_rev3_camerash/common/chibios/suspend.o
                0x0000000008005dc2                matrix_power_up
 .text.matrix_power_down
                0x0000000008005dc4        0x2 .build/obj_preonic_rev3_camerash/common/chibios/suspend.o
                0x0000000008005dc4                matrix_power_down
 .text.suspend_wakeup_condition
                0x0000000008005dc6       0x24 .build/obj_preonic_rev3_camerash/common/chibios/suspend.o
                0x0000000008005dc6                suspend_wakeup_condition
 .text.suspend_wakeup_init_user
                0x0000000008005dea        0x2 .build/obj_preonic_rev3_camerash/common/chibios/suspend.o
                0x0000000008005dea                suspend_wakeup_init_user
 .text.suspend_wakeup_init_kb
                0x0000000008005dec        0x8 .build/obj_preonic_rev3_camerash/common/chibios/suspend.o
                0x0000000008005dec                suspend_wakeup_init_kb
 .text.suspend_wakeup_init
                0x0000000008005df4       0x2c .build/obj_preonic_rev3_camerash/common/chibios/suspend.o
                0x0000000008005df4                suspend_wakeup_init
 .text.timer_clear
                0x0000000008005e20       0x1c .build/obj_preonic_rev3_camerash/common/chibios/timer.o
                0x0000000008005e20                timer_clear
 .text.timer_init
                0x0000000008005e3c        0x4 .build/obj_preonic_rev3_camerash/common/chibios/timer.o
                0x0000000008005e3c                timer_init
 .text.timer_read32
                0x0000000008005e40       0x40 .build/obj_preonic_rev3_camerash/common/chibios/timer.o
                0x0000000008005e40                timer_read32
 .text.timer_read
                0x0000000008005e80        0xa .build/obj_preonic_rev3_camerash/common/chibios/timer.o
                0x0000000008005e80                timer_read
 .text.timer_elapsed
                0x0000000008005e8a        0xe .build/obj_preonic_rev3_camerash/common/chibios/timer.o
                0x0000000008005e8a                timer_elapsed
 .text.bootloader_jump
                0x0000000008005e98       0x30 .build/obj_preonic_rev3_camerash/common/chibios/bootloader.o
                0x0000000008005e98                bootloader_jump
 .text.enter_bootloader_mode_if_requested
                0x0000000008005ec8       0x3c .build/obj_preonic_rev3_camerash/common/chibios/bootloader.o
                0x0000000008005ec8                enter_bootloader_mode_if_requested
 .text._out_null
                0x0000000008005f04        0x2 .build/obj_preonic_rev3_camerash/lib/printf/printf.o
 .text._ntoa_long
                0x0000000008005f06      0x1c0 .build/obj_preonic_rev3_camerash/lib/printf/printf.o
 .text._out_char
                0x00000000080060c6        0x8 .build/obj_preonic_rev3_camerash/lib/printf/printf.o
 *fill*         0x00000000080060ce        0x2 
 .text._vsnprintf
                0x00000000080060d0      0x3ac .build/obj_preonic_rev3_camerash/lib/printf/printf.o
 .text.printf_  0x000000000800647c       0x28 .build/obj_preonic_rev3_camerash/lib/printf/printf.o
                0x000000000800647c                printf_
 .text.scan_keycode
                0x00000000080064a4       0x4a .build/obj_preonic_rev3_camerash/common/bootmagic.o
 .text.bootmagic_scan_keycode
                0x00000000080064ee       0x18 .build/obj_preonic_rev3_camerash/common/bootmagic.o
                0x00000000080064ee                bootmagic_scan_keycode
 *fill*         0x0000000008006506        0x2 
 .text.bootmagic
                0x0000000008006508      0x254 .build/obj_preonic_rev3_camerash/common/bootmagic.o
                0x0000000008006508                bootmagic
 .text.move_unit
                0x000000000800675c       0x78 .build/obj_preonic_rev3_camerash/common/mousekey.o
 .text.wheel_unit
                0x00000000080067d4       0x68 .build/obj_preonic_rev3_camerash/common/mousekey.o
 .text.mousekey_on
                0x000000000800683c       0xe8 .build/obj_preonic_rev3_camerash/common/mousekey.o
                0x000000000800683c                mousekey_on
 .text.mousekey_off
                0x0000000008006924      0x110 .build/obj_preonic_rev3_camerash/common/mousekey.o
                0x0000000008006924                mousekey_off
 .text.mousekey_send
                0x0000000008006a34       0xe8 .build/obj_preonic_rev3_camerash/common/mousekey.o
                0x0000000008006a34                mousekey_send
 .text.mousekey_task
                0x0000000008006b1c      0x184 .build/obj_preonic_rev3_camerash/common/mousekey.o
                0x0000000008006b1c                mousekey_task
 .text.mousekey_clear
                0x0000000008006ca0       0x28 .build/obj_preonic_rev3_camerash/common/mousekey.o
                0x0000000008006ca0                mousekey_clear
 .text.mousekey_console_help
                0x0000000008006cc8       0x20 .build/obj_preonic_rev3_camerash/common/command.o
 .text.mousekey_param_inc
                0x0000000008006ce8       0xbc .build/obj_preonic_rev3_camerash/common/command.o
 .text.mousekey_param_dec
                0x0000000008006da4       0xbc .build/obj_preonic_rev3_camerash/common/command.o
 .text.switch_default_layer
                0x0000000008006e60       0x20 .build/obj_preonic_rev3_camerash/common/command.o
 .text.command_common
                0x0000000008006e80      0x454 .build/obj_preonic_rev3_camerash/common/command.o
 .text.command_extra
                0x00000000080072d4        0x4 .build/obj_preonic_rev3_camerash/common/command.o
                0x00000000080072d4                command_extra
 .text.command_console_extra
                0x00000000080072d8        0x4 .build/obj_preonic_rev3_camerash/common/command.o
                0x00000000080072d8                command_console_extra
 .text.numkey2num
                0x00000000080072dc       0x14 .build/obj_preonic_rev3_camerash/common/command.o
                0x00000000080072dc                numkey2num
 .text.command_proc
                0x00000000080072f0      0x250 .build/obj_preonic_rev3_camerash/common/command.o
                0x00000000080072f0                command_proc
 .text.kbd_in_cb
                0x0000000008007540        0x2 .build/obj_preonic_rev3_camerash/protocol/chibios/usb_main.o
                0x0000000008007540                kbd_in_cb
 *fill*         0x0000000008007542        0x2 
 .text.usb_get_descriptor_cb
                0x0000000008007544       0x28 .build/obj_preonic_rev3_camerash/protocol/chibios/usb_main.o
 .text.set_led_transfer_cb
                0x000000000800756c       0x2c .build/obj_preonic_rev3_camerash/protocol/chibios/usb_main.o
 .text.usb_event_cb
                0x0000000008007598       0xa0 .build/obj_preonic_rev3_camerash/protocol/chibios/usb_main.o
 .text.usb_sof_cb
                0x0000000008007638       0x1c .build/obj_preonic_rev3_camerash/protocol/chibios/usb_main.o
 .text.chVTSetI.constprop.8
                0x0000000008007654       0x28 .build/obj_preonic_rev3_camerash/protocol/chibios/usb_main.o
 .text.keyboard_idle_timer_cb
                0x000000000800767c       0x80 .build/obj_preonic_rev3_camerash/protocol/chibios/usb_main.o
 .text.usb_request_hook_cb
                0x00000000080076fc      0x170 .build/obj_preonic_rev3_camerash/protocol/chibios/usb_main.o
 .text.shared_in_cb
                0x000000000800786c        0x2 .build/obj_preonic_rev3_camerash/protocol/chibios/usb_main.o
                0x000000000800786c                shared_in_cb
 *fill*         0x000000000800786e        0x2 
 .text.init_usb_driver
                0x0000000008007870       0x7c .build/obj_preonic_rev3_camerash/protocol/chibios/usb_main.o
                0x0000000008007870                init_usb_driver
 .text.keyboard_leds
                0x00000000080078ec        0xc .build/obj_preonic_rev3_camerash/protocol/chibios/usb_main.o
                0x00000000080078ec                keyboard_leds
 .text.send_keyboard
                0x00000000080078f8       0x9c .build/obj_preonic_rev3_camerash/protocol/chibios/usb_main.o
                0x00000000080078f8                send_keyboard
 .text.send_mouse
                0x0000000008007994       0x44 .build/obj_preonic_rev3_camerash/protocol/chibios/usb_main.o
                0x0000000008007994                send_mouse
 .text.send_system
                0x00000000080079d8       0x38 .build/obj_preonic_rev3_camerash/protocol/chibios/usb_main.o
                0x00000000080079d8                send_system
 .text.send_consumer
                0x0000000008007a10       0x38 .build/obj_preonic_rev3_camerash/protocol/chibios/usb_main.o
                0x0000000008007a10                send_consumer
 .text.sendchar
                0x0000000008007a48       0x24 .build/obj_preonic_rev3_camerash/protocol/chibios/usb_main.o
                0x0000000008007a48                sendchar
 .text.console_task
                0x0000000008007a6c       0x20 .build/obj_preonic_rev3_camerash/protocol/chibios/usb_main.o
                0x0000000008007a6c                console_task
 .text._putchar
                0x0000000008007a8c        0x4 .build/obj_preonic_rev3_camerash/protocol/chibios/usb_main.o
                0x0000000008007a8c                _putchar
 .text.early_hardware_init_pre
                0x0000000008007a90        0x4 .build/obj_preonic_rev3_camerash/protocol/chibios/main.o
                0x0000000008007a90                early_hardware_init_pre
 .text.early_hardware_init_post
                0x0000000008007a94        0x2 .build/obj_preonic_rev3_camerash/protocol/chibios/main.o
                0x0000000008007a94                early_hardware_init_post
 .text.board_init
                0x0000000008007a96        0x2 .build/obj_preonic_rev3_camerash/protocol/chibios/main.o
                0x0000000008007a96                board_init
 .text.__early_init
                0x0000000008007a98       0x10 .build/obj_preonic_rev3_camerash/protocol/chibios/main.o
                0x0000000008007a98                __early_init
 .text.boardInit
                0x0000000008007aa8        0xc .build/obj_preonic_rev3_camerash/protocol/chibios/main.o
                0x0000000008007aa8                boardInit
 .text.startup.main
                0x0000000008007ab4       0x88 .build/obj_preonic_rev3_camerash/protocol/chibios/main.o
                0x0000000008007ab4                main
 .text.get_usb_descriptor
                0x0000000008007b3c       0x78 .build/obj_preonic_rev3_camerash/usb_descriptor.o
                0x0000000008007b3c                get_usb_descriptor
 .text.obnotify
                0x0000000008007bb4       0x3e .build/obj_preonic_rev3_camerash/protocol/chibios/usb_driver.o
 .text._readt   0x0000000008007bf2        0x6 .build/obj_preonic_rev3_camerash/protocol/chibios/usb_driver.o
 .text._read    0x0000000008007bf8        0xa .build/obj_preonic_rev3_camerash/protocol/chibios/usb_driver.o
 .text._writet  0x0000000008007c02        0x6 .build/obj_preonic_rev3_camerash/protocol/chibios/usb_driver.o
 .text._write   0x0000000008007c08        0xa .build/obj_preonic_rev3_camerash/protocol/chibios/usb_driver.o
 .text._gett    0x0000000008007c12        0x6 .build/obj_preonic_rev3_camerash/protocol/chibios/usb_driver.o
 .text._get     0x0000000008007c18        0xa .build/obj_preonic_rev3_camerash/protocol/chibios/usb_driver.o
 .text._putt    0x0000000008007c22        0x6 .build/obj_preonic_rev3_camerash/protocol/chibios/usb_driver.o
 .text._put     0x0000000008007c28        0xa .build/obj_preonic_rev3_camerash/protocol/chibios/usb_driver.o
 .text.qmkusb_start_receive
                0x0000000008007c32       0x44 .build/obj_preonic_rev3_camerash/protocol/chibios/usb_driver.o
 .text.ibnotify
                0x0000000008007c76        0x6 .build/obj_preonic_rev3_camerash/protocol/chibios/usb_driver.o
 .text.qmkusbObjectInit
                0x0000000008007c7c       0x54 .build/obj_preonic_rev3_camerash/protocol/chibios/usb_driver.o
                0x0000000008007c7c                qmkusbObjectInit
 .text.qmkusbStart
                0x0000000008007cd0       0x30 .build/obj_preonic_rev3_camerash/protocol/chibios/usb_driver.o
                0x0000000008007cd0                qmkusbStart
 .text.qmkusbSuspendHookI
                0x0000000008007d00       0x30 .build/obj_preonic_rev3_camerash/protocol/chibios/usb_driver.o
                0x0000000008007d00                qmkusbSuspendHookI
 .text.qmkusbWakeupHookI
                0x0000000008007d30       0x16 .build/obj_preonic_rev3_camerash/protocol/chibios/usb_driver.o
                0x0000000008007d30                qmkusbWakeupHookI
 .text.qmkusbConfigureHookI
                0x0000000008007d46       0x2c .build/obj_preonic_rev3_camerash/protocol/chibios/usb_driver.o
                0x0000000008007d46                qmkusbConfigureHookI
 *fill*         0x0000000008007d72        0x2 
 .text.qmkusbRequestsHook
                0x0000000008007d74       0x40 .build/obj_preonic_rev3_camerash/protocol/chibios/usb_driver.o
                0x0000000008007d74                qmkusbRequestsHook
 .text.qmkusbSOFHookI
                0x0000000008007db4       0x62 .build/obj_preonic_rev3_camerash/protocol/chibios/usb_driver.o
                0x0000000008007db4                qmkusbSOFHookI
 .text.qmkusbDataTransmitted
                0x0000000008007e16       0x76 .build/obj_preonic_rev3_camerash/protocol/chibios/usb_driver.o
                0x0000000008007e16                qmkusbDataTransmitted
 .text.qmkusbDataReceived
                0x0000000008007e8c       0x3e .build/obj_preonic_rev3_camerash/protocol/chibios/usb_driver.o
                0x0000000008007e8c                qmkusbDataReceived
 .text.qmkusbInterruptTransmitted
                0x0000000008007eca        0x2 .build/obj_preonic_rev3_camerash/protocol/chibios/usb_driver.o
                0x0000000008007eca                qmkusbInterruptTransmitted
 .text._core_init
                0x0000000008007ecc       0x18 .build/obj_preonic_rev3_camerash/./lib/chibios/os/oslib/src/chmemcore.o
                0x0000000008007ecc                _core_init
 .text.chCoreAllocAlignedWithOffsetI
                0x0000000008007ee4       0x30 .build/obj_preonic_rev3_camerash/./lib/chibios/os/oslib/src/chmemcore.o
                0x0000000008007ee4                chCoreAllocAlignedWithOffsetI
 .text.chCoreAllocAlignedWithOffset
                0x0000000008007f14       0x14 .build/obj_preonic_rev3_camerash/./lib/chibios/os/oslib/src/chmemcore.o
                0x0000000008007f14                chCoreAllocAlignedWithOffset
 .text._heap_init
                0x0000000008007f28       0x1c .build/obj_preonic_rev3_camerash/./lib/chibios/os/oslib/src/chmemheaps.o
                0x0000000008007f28                _heap_init
 .text.chPoolObjectInitAligned
                0x0000000008007f44        0xe .build/obj_preonic_rev3_camerash/./lib/chibios/os/oslib/src/chmempools.o
                0x0000000008007f44                chPoolObjectInitAligned
 .text.chCoreAllocAlignedI
                0x0000000008007f52        0x6 .build/obj_preonic_rev3_camerash/./lib/chibios/os/oslib/src/chfactory.o
 .text._factory_init
                0x0000000008007f58       0x54 .build/obj_preonic_rev3_camerash/./lib/chibios/os/oslib/src/chfactory.o
                0x0000000008007f58                _factory_init
 .text.__core_init
                0x0000000008007fac        0x2 .build/obj_preonic_rev3/lib/chibios/os/common/startup/ARMCMx/compilers/GCC/crt1.o
                0x0000000008007fac                __core_init
 .text.__late_init
                0x0000000008007fae        0x2 .build/obj_preonic_rev3/lib/chibios/os/common/startup/ARMCMx/compilers/GCC/crt1.o
                0x0000000008007fae                __late_init
 .text.__default_exit